Component: ARM Compiler 5.06 update 7 (build 960) Tool: armlink [4d3601]

==============================================================================

Section Cross References

    main.o(i.led0_task) refers to tasks.o(i.vTaskDelay) for vTaskDelay
    main.o(i.main) refers to misc.o(i.NVIC_PriorityGroupConfig) for NVIC_PriorityGroupConfig
    main.o(i.main) refers to delay.o(i.delay_init) for delay_init
    main.o(i.main) refers to usart.o(i.uart_init) for uart_init
    main.o(i.main) refers to led.o(i.LED_Init) for LED_Init
    main.o(i.main) refers to key.o(i.KEY_Init) for KEY_Init
    main.o(i.main) refers to lcd.o(i.LCD_Init) for LCD_Init
    main.o(i.main) refers to lcd.o(i.LCD_ShowString) for LCD_ShowString
    main.o(i.main) refers to tasks.o(i.xTaskCreate) for xTaskCreate
    main.o(i.main) refers to tasks.o(i.vTaskStartScheduler) for vTaskStartScheduler
    main.o(i.main) refers to lcd.o(.data) for POINT_COLOR
    main.o(i.main) refers to main.o(.data) for .data
    main.o(i.main) refers to main.o(i.start_task) for start_task
    main.o(i.query_task) refers to _printf_percent.o(.ARM.Collect$$_printf_percent$$00000000) for _printf_percent
    main.o(i.query_task) refers to _printf_d.o(.ARM.Collect$$_printf_percent$$00000009) for _printf_d
    main.o(i.query_task) refers to _printf_s.o(.ARM.Collect$$_printf_percent$$00000014) for _printf_s
    main.o(i.query_task) refers to _printf_dec.o(.text) for _printf_int_dec
    main.o(i.query_task) refers to _printf_str.o(.text) for _printf_str
    main.o(i.query_task) refers to _printf_x.o(.ARM.Collect$$_printf_percent$$0000000C) for _printf_x
    main.o(i.query_task) refers to _printf_hex_int.o(.text) for _printf_longlong_hex
    main.o(i.query_task) refers to noretval__2printf.o(.text) for __2printf
    main.o(i.query_task) refers to tasks.o(i.uxTaskGetNumberOfTasks) for uxTaskGetNumberOfTasks
    main.o(i.query_task) refers to heap_4.o(i.pvPortMalloc) for pvPortMalloc
    main.o(i.query_task) refers to tasks.o(i.uxTaskGetSystemState) for uxTaskGetSystemState
    main.o(i.query_task) refers to heap_4.o(i.vPortFree) for vPortFree
    main.o(i.query_task) refers to delay.o(i.delay_ms) for delay_ms
    main.o(i.query_task) refers to key.o(i.KEY_Scan) for KEY_Scan
    main.o(i.query_task) refers to tasks.o(i.xTaskGetHandle) for xTaskGetHandle
    main.o(i.query_task) refers to tasks.o(i.vTaskGetInfo) for vTaskGetInfo
    main.o(i.query_task) refers to tasks.o(i.eTaskGetState) for eTaskGetState
    main.o(i.query_task) refers to noretval__2sprintf.o(.text) for __2sprintf
    main.o(i.query_task) refers to tasks.o(i.vTaskList) for vTaskList
    main.o(i.query_task) refers to tasks.o(i.vTaskDelay) for vTaskDelay
    main.o(i.query_task) refers to main.o(.bss) for .bss
    main.o(i.start_task) refers to port.o(i.vPortEnterCritical) for vPortEnterCritical
    main.o(i.start_task) refers to tasks.o(i.xTaskCreate) for xTaskCreate
    main.o(i.start_task) refers to tasks.o(i.vTaskDelete) for vTaskDelete
    main.o(i.start_task) refers to port.o(i.vPortExitCritical) for vPortExitCritical
    main.o(i.start_task) refers to main.o(.data) for .data
    main.o(i.start_task) refers to main.o(i.led0_task) for led0_task
    main.o(i.start_task) refers to main.o(i.query_task) for query_task
    system_stm32f10x.o(i.SystemCoreClockUpdate) refers to system_stm32f10x.o(.data) for .data
    system_stm32f10x.o(i.SystemInit) refers to system_stm32f10x.o(i.SetSysClockTo72) for SetSysClockTo72
    led.o(i.LED_Init) refers to stm32f10x_rcc.o(i.RCC_APB2PeriphClockCmd) for RCC_APB2PeriphClockCmd
    led.o(i.LED_Init) refers to stm32f10x_gpio.o(i.GPIO_Init) for GPIO_Init
    led.o(i.LED_Init) refers to stm32f10x_gpio.o(i.GPIO_SetBits) for GPIO_SetBits
    timer.o(i.TIM3_IRQHandler) refers to stm32f10x_tim.o(i.TIM_GetITStatus) for TIM_GetITStatus
    timer.o(i.TIM3_IRQHandler) refers to noretval__2printf.o(.text) for __2printf
    timer.o(i.TIM3_IRQHandler) refers to stm32f10x_tim.o(i.TIM_ClearITPendingBit) for TIM_ClearITPendingBit
    timer.o(i.TIM3_Int_Init) refers to stm32f10x_rcc.o(i.RCC_APB1PeriphClockCmd) for RCC_APB1PeriphClockCmd
    timer.o(i.TIM3_Int_Init) refers to stm32f10x_tim.o(i.TIM_TimeBaseInit) for TIM_TimeBaseInit
    timer.o(i.TIM3_Int_Init) refers to stm32f10x_tim.o(i.TIM_ITConfig) for TIM_ITConfig
    timer.o(i.TIM3_Int_Init) refers to misc.o(i.NVIC_Init) for NVIC_Init
    timer.o(i.TIM3_Int_Init) refers to stm32f10x_tim.o(i.TIM_Cmd) for TIM_Cmd
    timer.o(i.TIM5_IRQHandler) refers to stm32f10x_tim.o(i.TIM_GetITStatus) for TIM_GetITStatus
    timer.o(i.TIM5_IRQHandler) refers to noretval__2printf.o(.text) for __2printf
    timer.o(i.TIM5_IRQHandler) refers to stm32f10x_tim.o(i.TIM_ClearITPendingBit) for TIM_ClearITPendingBit
    timer.o(i.TIM5_Int_Init) refers to stm32f10x_rcc.o(i.RCC_APB1PeriphClockCmd) for RCC_APB1PeriphClockCmd
    timer.o(i.TIM5_Int_Init) refers to stm32f10x_tim.o(i.TIM_TimeBaseInit) for TIM_TimeBaseInit
[...]
    .text                                    0x080007d8   Section       78  rt_memclr_w.o(.text)
    .text                                    0x08000826   Section       74  sys_stackheap_outer.o(.text)
    .text                                    0x08000870   Section        0  exit.o(.text)
    .text                                    0x08000884   Section        8  libspace.o(.text)
    i.BusFault_Handler                       0x0800088c   Section        0  stm32f10x_it.o(i.BusFault_Handler)
    i.DebugMon_Handler                       0x0800088e   Section        0  stm32f10x_it.o(i.DebugMon_Handler)
    i.FSMC_NORSRAMCmd                        0x08000890   Section        0  stm32f10x_fsmc.o(i.FSMC_NORSRAMCmd)
    i.FSMC_NORSRAMInit                       0x080008b0   Section        0  stm32f10x_fsmc.o(i.FSMC_NORSRAMInit)
    i.GPIO_Init                              0x08000978   Section        0  stm32f10x_gpio.o(i.GPIO_Init)
    i.GPIO_ReadInputDataBit                  0x08000a14   Section        0  stm32f10x_gpio.o(i.GPIO_ReadInputDataBit)
    i.GPIO_SetBits                           0x08000a22   Section        0  stm32f10x_gpio.o(i.GPIO_SetBits)
    i.HardFault_Handler                      0x08000a26   Section        0  stm32f10x_it.o(i.HardFault_Handler)
    i.KEY_Init                               0x08000a28   Section        0  key.o(i.KEY_Init)
    i.KEY_Scan                               0x08000a64   Section        0  key.o(i.KEY_Scan)
    i.LCD_Clear                              0x08000b30   Section        0  lcd.o(i.LCD_Clear)
    i.LCD_Display_Dir                        0x08000b60   Section        0  lcd.o(i.LCD_Display_Dir)
    i.LCD_Fast_DrawPoint                     0x08000c18   Section        0  lcd.o(i.LCD_Fast_DrawPoint)
    i.LCD_Init                               0x08000cc4   Section        0  lcd.o(i.LCD_Init)
    i.LCD_RD_DATA                            0x08002b00   Section        0  lcd.o(i.LCD_RD_DATA)
    i.LCD_SSD_BackLightSet                   0x08002b14   Section        0  lcd.o(i.LCD_SSD_BackLightSet)
    i.LCD_Scan_Dir                           0x08002b50   Section        0  lcd.o(i.LCD_Scan_Dir)
    i.LCD_SetCursor                          0x08002c94   Section        0  lcd.o(i.LCD_SetCursor)
    i.LCD_ShowChar                           0x08002d48   Section        0  lcd.o(i.LCD_ShowChar)
    i.LCD_ShowString                         0x08002e14   Section        0  lcd.o(i.LCD_ShowString)
    i.LCD_WriteRAM_Prepare                   0x08002e68   Section        0  lcd.o(i.LCD_WriteRAM_Prepare)
    i.LCD_WriteReg                           0x08002e7c   Section        0  lcd.o(i.LCD_WriteReg)
    i.LED_Init                               0x08002e8c   Section        0  led.o(i.LED_Init)
    i.MemManage_Handler                      0x08002edc   Section        0  stm32f10x_it.o(i.MemManage_Handler)
    i.NMI_Handler                            0x08002ede   Section        0  stm32f10x_it.o(i.NMI_Handler)
    i.NVIC_Init                              0x08002ee0   Section        0  misc.o(i.NVIC_Init)
    i.NVIC_PriorityGroupConfig               0x08002f44   Section        0  misc.o(i.NVIC_PriorityGroupConfig)
    i.RCC_AHBPeriphClockCmd                  0x08002f58   Section        0  stm32f10x_rcc.o(i.RCC_AHBPeriphClockCmd)
    i.RCC_APB2PeriphClockCmd                 0x08002f70   Section        0  stm32f10x_rcc.o(i.RCC_APB2PeriphClockCmd)
    i.RCC_GetClocksFreq                      0x08002f88   Section        0  stm32f10x_rcc.o(i.RCC_GetClocksFreq)
    i.SetSysClockTo72                        0x0800301c   Section        0  system_stm32f10x.o(i.SetSysClockTo72)
    SetSysClockTo72                          0x0800301d   Thumb Code   160  system_stm32f10x.o(i.SetSysClockTo72)
    i.SysTick_CLKSourceConfig                0x080030c4   Section        0  misc.o(i.SysTick_CLKSourceConfig)
    i.SysTick_Handler                        0x080030dc   Section        0  delay.o(i.SysTick_Handler)
    i.SystemInit                             0x080030f0   Section        0  system_stm32f10x.o(i.SystemInit)
    i.TIM3_IRQHandler                        0x08003140   Section        0  timer.o(i.TIM3_IRQHandler)
    i.TIM5_IRQHandler                        0x0800317c   Section        0  timer.o(i.TIM5_IRQHandler)
    i.TIM_ClearITPendingBit                  0x080031b8   Section        0  stm32f10x_tim.o(i.TIM_ClearITPendingBit)
    i.TIM_GetITStatus                        0x080031be   Section        0  stm32f10x_tim.o(i.TIM_GetITStatus)
    i.USART1_IRQHandler                      0x080031d8   Section        0  usart.o(i.USART1_IRQHandler)
    i.USART_Cmd                              0x0800323c   Section        0  stm32f10x_usart.o(i.USART_Cmd)
    i.USART_GetITStatus                      0x08003250   Section        0  stm32f10x_usart.o(i.USART_GetITStatus)
    i.USART_ITConfig                         0x0800328e   Section        0  stm32f10x_usart.o(i.USART_ITConfig)
    i.USART_Init                             0x080032c0   Section        0  stm32f10x_usart.o(i.USART_Init)
    i.USART_ReceiveData                      0x0800336c   Section        0  stm32f10x_usart.o(i.USART_ReceiveData)
    i.UsageFault_Handler                     0x08003374   Section        0  stm32f10x_it.o(i.UsageFault_Handler)
    i._sys_exit                              0x08003376   Section        0  usart.o(i._sys_exit)
    i.delay_init                             0x08003378   Section        0  delay.o(i.delay_init)
    i.delay_ms                               0x080033c0   Section        0  delay.o(i.delay_ms)
    i.delay_us                               0x080033f8   Section        0  delay.o(i.delay_us)
    i.eTaskGetState                          0x0800342c   Section        0  tasks.o(i.eTaskGetState)
    i.fputc                                  0x080034b4   Section        0  usart.o(i.fputc)
    i.led0_task                              0x080034cc   Section        0  main.o(i.led0_task)
    i.main                                   0x080034e8   Section        0  main.o(i.main)
    i.prvAddCurrentTaskToDelayedList         0x080035f8   Section        0  tasks.o(i.prvAddCurrentTaskToDelayedList)
    prvAddCurrentTaskToDelayedList           0x080035f9   Thumb Code   102  tasks.o(i.prvAddCurrentTaskToDelayedList)
    i.prvAddNewTaskToReadyList               0x08003668   Section        0  tasks.o(i.prvAddNewTaskToReadyList)
    prvAddNewTaskToReadyList                 0x08003669   Thumb Code   192  tasks.o(i.prvAddNewTaskToReadyList)
    i.prvCheckForValidListAndQueue           0x08003738   Section        0  timers.o(i.prvCheckForValidListAndQueue)
    prvCheckForValidListAndQueue             0x08003739   Thumb Code    62  timers.o(i.prvCheckForValidListAndQueue)
    i.prvCheckTasksWaitingTermination        0x08003788   Section        0  tasks.o(i.prvCheckTasksWaitingTermination)
    prvCheckTasksWaitingTermination          0x08003789   Thumb Code    74  tasks.o(i.prvCheckTasksWaitingTermination)
    i.prvCopyDataFromQueue                   0x080037dc   Section        0  queue.o(i.prvCopyDataFromQueue)
    prvCopyDataFromQueue                     0x080037dd   Thumb Code    38  queue.o(i.prvCopyDataFromQueue)
    i.prvCopyDataToQueue                     0x08003802   Section        0  queue.o(i.prvCopyDataToQueue)
    prvCopyDataToQueue                       0x08003803   Thumb Code   108  queue.o(i.prvCopyDataToQueue)
    i.prvDeleteTCB                           0x0800386e   Section        0  tasks.o(i.prvDeleteTCB)
    prvDeleteTCB                             0x0800386f   Thumb Code    20  tasks.o(i.prvDeleteTCB)
    i.prvHeapInit                            0x08003884   Section        0  heap_4.o(i.prvHeapInit)
    prvHeapInit                              0x08003885   Thumb Code    66  heap_4.o(i.prvHeapInit)
    i.prvIdleTask                            0x080038d0   Section        0  tasks.o(i.prvIdleTask)
    prvIdleTask                              0x080038d1   Thumb Code    30  tasks.o(i.prvIdleTask)
    i.prvInitialiseNewTask                   0x080038f8   Section        0  tasks.o(i.prvInitialiseNewTask)
    prvInitialiseNewTask                     0x080038f9   Thumb Code   154  tasks.o(i.prvInitialiseNewTask)
    i.prvInsertBlockIntoFreeList             0x080039b8   Section        0  heap_4.o(i.prvInsertBlockIntoFreeList)
    prvInsertBlockIntoFreeList               0x080039b9   Thumb Code    72  heap_4.o(i.prvInsertBlockIntoFreeList)
    i.prvInsertTimerInActiveList             0x08003a04   Section        0  timers.o(i.prvInsertTimerInActiveList)
    prvInsertTimerInActiveList               0x08003a05   Thumb Code    52  timers.o(i.prvInsertTimerInActiveList)
    i.prvIsQueueEmpty                        0x08003a3c   Section        0  queue.o(i.prvIsQueueEmpty)
    prvIsQueueEmpty                          0x08003a3d   Thumb Code    26  queue.o(i.prvIsQueueEmpty)
    i.prvListTasksWithinSingleList           0x08003a56   Section        0  tasks.o(i.prvListTasksWithinSingleList)
    prvListTasksWithinSingleList             0x08003a57   Thumb Code    86  tasks.o(i.prvListTasksWithinSingleList)
    i.prvNotifyQueueSetContainer             0x08003aac   Section        0  queue.o(i.prvNotifyQueueSetContainer)
    prvNotifyQueueSetContainer               0x08003aad   Thumb Code   108  queue.o(i.prvNotifyQueueSetContainer)
    i.prvProcessExpiredTimer                 0x08003b3c   Section        0  timers.o(i.prvProcessExpiredTimer)
    prvProcessExpiredTimer                   0x08003b3d   Thumb Code    86  timers.o(i.prvProcessExpiredTimer)
    i.prvProcessReceivedCommands             0x08003b9c   Section        0  timers.o(i.prvProcessReceivedCommands)
    prvProcessReceivedCommands               0x08003b9d   Thumb Code   196  timers.o(i.prvProcessReceivedCommands)
    i.prvProcessTimerOrBlockTask             0x08003c8c   Section        0  timers.o(i.prvProcessTimerOrBlockTask)
    prvProcessTimerOrBlockTask               0x08003c8d   Thumb Code    98  timers.o(i.prvProcessTimerOrBlockTask)
    i.prvResetNextTaskUnblockTime            0x08003cf8   Section        0  tasks.o(i.prvResetNextTaskUnblockTime)
    prvResetNextTaskUnblockTime              0x08003cf9   Thumb Code    26  tasks.o(i.prvResetNextTaskUnblockTime)
    i.prvSampleTimeNow                       0x08003d18   Section        0  timers.o(i.prvSampleTimeNow)
    prvSampleTimeNow                         0x08003d19   Thumb Code    36  timers.o(i.prvSampleTimeNow)
    i.prvSearchForNameWithinSingleList       0x08003d40   Section        0  tasks.o(i.prvSearchForNameWithinSingleList)
    prvSearchForNameWithinSingleList         0x08003d41   Thumb Code    88  tasks.o(i.prvSearchForNameWithinSingleList)
    i.prvSwitchTimerLists                    0x08003d98   Section        0  timers.o(i.prvSwitchTimerLists)
    prvSwitchTimerLists                      0x08003d99   Thumb Code   100  timers.o(i.prvSwitchTimerLists)
    i.prvTaskExitError                       0x08003e04   Section        0  port.o(i.prvTaskExitError)
    prvTaskExitError                         0x08003e05   Thumb Code    34  port.o(i.prvTaskExitError)
    i.prvTimerTask                           0x08003e68   Section        0  timers.o(i.prvTimerTask)
    prvTimerTask                             0x08003e69   Thumb Code    34  timers.o(i.prvTimerTask)
    i.prvUnlockQueue                         0x08003e90   Section        0  queue.o(i.prvUnlockQueue)
    prvUnlockQueue                           0x08003e91   Thumb Code   120  queue.o(i.prvUnlockQueue)
    i.pvPortMalloc                           0x08003f08   Section        0  heap_4.o(i.pvPortMalloc)
    i.pvTaskIncrementMutexHeldCount          0x0800401c   Section        0  tasks.o(i.pvTaskIncrementMutexHeldCount)
    i.pxPortInitialiseStack                  0x08004034   Section        0  port.o(i.pxPortInitialiseStack)
    i.query_task                             0x08004058   Section        0  main.o(i.query_task)
    i.start_task                             0x080044d4   Section        0  main.o(i.start_task)
    i.uart_init                              0x0800453c   Section        0  usart.o(i.uart_init)
    i.uxListRemove                           0x080045dc   Section        0  list.o(i.uxListRemove)
    i.uxTaskGetNumberOfTasks                 0x08004600   Section        0  tasks.o(i.uxTaskGetNumberOfTasks)
    i.uxTaskGetSystemState                   0x0800460c   Section        0  tasks.o(i.uxTaskGetSystemState)
    i.vListInitialise                        0x080046b8   Section        0  list.o(i.vListInitialise)
    i.vListInitialiseItem                    0x080046ce   Section        0  list.o(i.vListInitialiseItem)
    i.vListInsert                            0x080046d4   Section        0  list.o(i.vListInsert)
    i.vListInsertEnd                         0x08004704   Section        0  list.o(i.vListInsertEnd)
    i.vPortEnterCritical                     0x0800471c   Section        0  port.o(i.vPortEnterCritical)
    i.vPortExitCritical                      0x08004794   Section        0  port.o(i.vPortExitCritical)
    i.vPortFree                              0x080047f8   Section        0  heap_4.o(i.vPortFree)
    i.vPortSetupTimerInterrupt               0x08004894   Section        0  port.o(i.vPortSetupTimerInterrupt)
    i.vPortValidateInterruptPriority         0x080048b4   Section        0  port.o(i.vPortValidateInterruptPriority)
    i.vQueueAddToRegistry                    0x08004940   Section        0  queue.o(i.vQueueAddToRegistry)
    i.vQueueWaitForMessageRestricted         0x08004964   Section        0  queue.o(i.vQueueWaitForMessageRestricted)
    i.vTaskDelay                             0x080049a8   Section        0  tasks.o(i.vTaskDelay)
    i.vTaskDelete                            0x08004a14   Section        0  tasks.o(i.vTaskDelete)
    i.vTaskGetInfo                           0x08004ae0   Section        0  tasks.o(i.vTaskGetInfo)
    i.vTaskList                              0x08004b64   Section        0  tasks.o(i.vTaskList)
    i.vTaskMissedYield                       0x08004c34   Section        0  tasks.o(i.vTaskMissedYield)
    i.vTaskPlaceOnEventList                  0x08004c40   Section        0  tasks.o(i.vTaskPlaceOnEventList)
    i.vTaskPlaceOnEventListRestricted        0x08004c94   Section        0  tasks.o(i.vTaskPlaceOnEventListRestricted)
    i.vTaskPriorityInherit                   0x08004cf0   Section        0  tasks.o(i.vTaskPriorityInherit)
    i.vTaskSetTimeOutState                   0x08004d74   Section        0  tasks.o(i.vTaskSetTimeOutState)
    i.vTaskStartScheduler                    0x08004dbc   Section        0  tasks.o(i.vTaskStartScheduler)
    i.vTaskSuspendAll                        0x08004e50   Section        0  tasks.o(i.vTaskSuspendAll)
    i.vTaskSwitchContext                     0x08004e60   Section        0  tasks.o(i.vTaskSwitchContext)
    i.xPortStartScheduler                    0x08004edc   Section        0  port.o(i.xPortStartScheduler)
    i.xPortSysTickHandler                    0x08004f54   Section        0  port.o(i.xPortSysTickHandler)
    i.xQueueGenericCreate                    0x08004f80   Section        0  queue.o(i.xQueueGenericCreate)
    i.xQueueGenericReceive                   0x08004ff8   Section        0  queue.o(i.xQueueGenericReceive)
    i.xQueueGenericReset                     0x0800517c   Section        0  queue.o(i.xQueueGenericReset)
    i.xQueueGenericSend                      0x08005224   Section        0  queue.o(i.xQueueGenericSend)
    i.xQueueGenericSendFromISR               0x080053ac   Section        0  queue.o(i.xQueueGenericSendFromISR)
    i.xTaskCheckForTimeOut                   0x0800548c   Section        0  tasks.o(i.xTaskCheckForTimeOut)
    i.xTaskCreate                            0x08005514   Section        0  tasks.o(i.xTaskCreate)
    i.xTaskGetHandle                         0x0800556c   Section        0  tasks.o(i.xTaskGetHandle)
    i.xTaskGetSchedulerState                 0x08005614   Section        0  tasks.o(i.xTaskGetSchedulerState)
    i.xTaskGetTickCount                      0x08005630   Section        0  tasks.o(i.xTaskGetTickCount)
    i.xTaskIncrementTick                     0x0800563c   Section        0  tasks.o(i.xTaskIncrementTick)
    i.xTaskPriorityDisinherit                0x08005724   Section        0  tasks.o(i.xTaskPriorityDisinherit)
    i.xTaskRemoveFromEventList               0x080057d8   Section        0  tasks.o(i.xTaskRemoveFromEventList)
    i.xTaskResumeAll                         0x08005870   Section        0  tasks.o(i.xTaskResumeAll)
    i.xTimerCreate                           0x08005954   Section        0  timers.o(i.xTimerCreate)
    i.xTimerCreateTimerTask                  0x080059c8   Section        0  timers.o(i.xTimerCreateTimerTask)
    i.xTimerGenericCommand                   0x08005a3c   Section        0  timers.o(i.xTimerGenericCommand)
    x$fpl$dfixu                              0x08005acc   Section       90  dfixu.o(x$fpl$dfixu)
    x$fpl$dfltu                              0x08005b26   Section       38  dflt_clz.o(x$fpl$dfltu)
    x$fpl$dmul                               0x08005b4c   Section      340  dmul.o(x$fpl$dmul)
    x$fpl$dnaninf                            0x08005ca0   Section      156  dnaninf.o(x$fpl$dnaninf)
    x$fpl$dretinf                            0x08005d3c   Section       12  dretinf.o(x$fpl$dretinf)
    .constdata                               0x08005d48   Section     6080  lcd.o(.constdata)
    x$fpl$usenofp                            0x08005d48   Section        0  usenofp.o(x$fpl$usenofp)
    .constdata                               0x08007508   Section       40  _printf_hex_int.o(.constdata)
    uc_hextab                                0x08007508   Data          20  _printf_hex_int.o(.constdata)
    lc_hextab                                0x0800751c   Data          20  _printf_hex_int.o(.constdata)
    .constdata                               0x08007530   Section       17  __printf_flags.o(.constdata)
    maptable                                 0x08007530   Data          17  __printf_flags.o(.constdata)
    .data                                    0x20000000   Section       12  main.o(.data)
    .data                                    0x2000000c   Section       20  system_stm32f10x.o(.data)
    .data                                    0x20000020   Section        4  lcd.o(.data)
    .data                                    0x20000024   Section        1  key.o(.data)
    key_up                                   0x20000024   Data           1  key.o(.data)
    .data                                    0x20000026   Section        4  delay.o(.data)
    fac_us                                   0x20000026   Data           1  delay.o(.data)
    fac_ms                                   0x20000028   Data           2  delay.o(.data)
    .data                                    0x2000002a   Section        2  usart.o(.data)
    .data                                    0x2000002c   Section        4  usart.o(.data)
    .data                                    0x20000030   Section       20  stm32f10x_rcc.o(.data)
    ADCPrescTable                            0x20000030   Data           4  stm32f10x_rcc.o(.data)
    APBAHBPrescTable                         0x20000034   Data          16  stm32f10x_rcc.o(.data)
    .data                                    0x20000044   Section       60  tasks.o(.data)
    uxDeletedTasksWaitingCleanUp             0x20000048   Data           4  tasks.o(.data)
    uxCurrentNumberOfTasks                   0x2000004c   Data           4  tasks.o(.data)
    xTickCount                               0x20000050   Data           4  tasks.o(.data)
    uxTopReadyPriority                       0x20000054   Data           4  tasks.o(.data)
    xSchedulerRunning                        0x20000058   Data           4  tasks.o(.data)
    uxPendedTicks                            0x2000005c   Data           4  tasks.o(.data)
    xYieldPending                            0x20000060   Data           4  tasks.o(.data)
    xNumOfOverflows                          0x20000064   Data           4  tasks.o(.data)
    uxTaskNumber                             0x20000068   Data           4  tasks.o(.data)
    xNextTaskUnblockTime                     0x2000006c   Data           4  tasks.o(.data)
    xIdleTaskHandle                          0x20000070   Data           4  tasks.o(.data)
    uxSchedulerSuspended                     0x20000074   Data           4  tasks.o(.data)
    pxDelayedTaskList                        0x20000078   Data           4  tasks.o(.data)
    pxOverflowDelayedTaskList                0x2000007c   Data           4  tasks.o(.data)
    .data                                    0x20000080   Section       20  timers.o(.data)
    xTimerQueue                              0x20000080   Data           4  timers.o(.data)
    xTimerTaskHandle                         0x20000084   Data           4  timers.o(.data)
    xLastTime                                0x20000088   Data           4  timers.o(.data)
    pxCurrentTimerList                       0x2000008c   Data           4  timers.o(.data)
    pxOverflowTimerList                      0x20000090   Data           4  timers.o(.data)
    .data                                    0x20000094   Section       24  heap_4.o(.data)
    pxEnd                                    0x20000094   Data           4  heap_4.o(.data)
    xFreeBytesRemaining                      0x20000098   Data           4  heap_4.o(.data)
    xMinimumEverFreeBytesRemaining           0x2000009c   Data           4  heap_4.o(.data)
    xBlockAllocatedBit                       0x200000a0   Data           4  heap_4.o(.data)
    xStart                                   0x200000a4   Data           8  heap_4.o(.data)
    .data                                    0x200000ac   Section       12  port.o(.data)
    ucMaxSysCallPriority                     0x200000ac   Data           1  port.o(.data)
    uxCriticalNesting                        0x200000b0   Data           4  port.o(.data)
    ulMaxPRIGROUPValue                       0x200000b4   Data           4  port.o(.data)
    .bss                                     0x200000b8   Section     1000  main.o(.bss)
    .bss                                     0x200004a0   Section       14  lcd.o(.bss)
    .bss                                     0x200004ae   Section      200  usart.o(.bss)
    .bss                                     0x20000578   Section       64  queue.o(.bss)
    .bss                                     0x200005b8   Section      740  tasks.o(.bss)
    pxReadyTasksLists                        0x200005b8   Data         640  tasks.o(.bss)
    xDelayedTaskList1                        0x20000838   Data          20  tasks.o(.bss)
    xDelayedTaskList2                        0x2000084c   Data          20  tasks.o(.bss)
    xPendingReadyList                        0x20000860   Data          20  tasks.o(.bss)
    xTasksWaitingTermination                 0x20000874   Data          20  tasks.o(.bss)
    xSuspendedTaskList                       0x20000888   Data          20  tasks.o(.bss)
    .bss                                     0x2000089c   Section       40  timers.o(.bss)
    xActiveTimerList1                        0x2000089c   Data          20  timers.o(.bss)
    xActiveTimerList2                        0x200008b0   Data          20  timers.o(.bss)
    .bss                                     0x200008c4   Section    20480  heap_4.o(.bss)
    ucHeap                                   0x200008c4   Data       20480  heap_4.o(.bss)
    .bss                                     0x200058c4   Section       96  libspace.o(.bss)
    HEAP                                     0x20005928   Section      512  startup_stm32f10x_hd.o(HEAP)
    Heap_Mem                                 0x20005928   Data         512  startup_stm32f10x_hd.o(HEAP)
    STACK                                    0x20005b28   Section     1024  startup_stm32f10x_hd.o(STACK)
    Stack_Mem                                0x20005b28   Data        1024  startup_stm32f10x_hd.o(STACK)
    __initial_sp                             0x20005f28   Data           0  startup_stm32f10x_hd.o(STACK)

    Global Symbols

    Symbol Name                              Value     Ov Type        Size  Object(Section)

    BuildAttributes$$THM_ISAv4$P$D$K$B$S$PE$A:L22UL41UL21$X:L11$S22US41US21$IEEE1$IW$USESV6$~STKCKD$USESV7$~SHL$OSPACE$ROPI$EBA8$UX$STANDARDLIB$REQ8$PRES8$EABIv2 0x00000000   Number         0  anon$$obj.o ABSOLUTE
    __ARM_use_no_argv                        0x00000000   Number         0  main.o ABSOLUTE
    _printf_flags                            0x00000000   Number         0  printf_stubs.o ABSOLUTE
    _printf_return_value                     0x00000000   Number         0  printf_stubs.o ABSOLUTE
    _printf_sizespec                         0x00000000   Number         0  printf_stubs.o ABSOLUTE
    _printf_widthprec                        0x00000000   Number         0  printf_stubs.o ABSOLUTE
    __ARM_exceptions_init                     - Undefined Weak Reference
    __alloca_initialize                       - Undefined Weak Reference
    __arm_fini_                               - Undefined Weak Reference
    __arm_preinit_                            - Undefined Weak Reference
    __cpp_initialize__aeabi_                  - Undefined Weak Reference
    __cxa_finalize                            - Undefined Weak Reference
    __rt_locale                               - Undefined Weak Reference
    __sigvec_lookup                           - Undefined Weak Reference
    _atexit_init                              - Undefined Weak Reference
    _call_atexit_fns                          - Undefined Weak Reference
    _clock_init                               - Undefined Weak Reference
    _fp_trap_init                             - Undefined Weak Reference
    _fp_trap_shutdown                         - Undefined Weak Reference
    _get_lc_collate                           - Undefined Weak Reference
    _get_lc_ctype                             - Undefined Weak Reference
    _get_lc_monetary                          - Undefined Weak Reference
    _get_lc_numeric                           - Undefined Weak Reference
    _get_lc_time                              - Undefined Weak Reference
    _getenv_init                              - Undefined Weak Reference
    _handle_redirection                       - Undefined Weak Reference
    _init_alloc                               - Undefined Weak Reference
    _init_user_alloc                          - Undefined Weak Reference
    _initio                                   - Undefined Weak Reference
    _mutex_acquire                            - Undefined Weak Reference
    _mutex_release                            - Undefined Weak Reference
    _printf_mbtowc                            - Undefined Weak Reference
    _printf_post_padding                      - Undefined Weak Reference
    _printf_pre_padding                       - Undefined Weak Reference
    _printf_truncate_signed                   - Undefined Weak Reference
    _printf_truncate_unsigned                 - Undefined Weak Reference
    _rand_init                                - Undefined Weak Reference
    _signal_finish                            - Undefined Weak Reference
    _signal_init                              - Undefined Weak Reference
    _terminate_alloc                          - Undefined Weak Reference
    _terminate_user_alloc                     - Undefined Weak Reference
    _terminateio                              - Undefined Weak Reference
    __Vectors_Size                           0x00000130   Number         0  startup_stm32f10x_hd.o ABSOLUTE
    __Vectors                                0x08000000   Data           4  startup_stm32f10x_hd.o(RESET)
    __Vectors_End                            0x08000130   Data           0  startup_stm32f10x_hd.o(RESET)
    __main                                   0x08000131   Thumb Code     8  __main.o(!!!main)
    __scatterload                            0x08000139   Thumb Code     0  __scatter.o(!!!scatter)
    __scatterload_rt2                        0x08000139   Thumb Code    44  __scatter.o(!!!scatter)
    __scatterload_rt2_thumb_only             0x08000139   Thumb Code     0  __scatter.o(!!!scatter)
    __scatterload_null                       0x08000147   Thumb Code     0  __scatter.o(!!!scatter)
    __scatterload_copy                       0x0800016d   Thumb Code    26  __scatter_copy.o(!!handler_copy)
    __scatterload_zeroinit                   0x08000189   Thumb Code    28  __scatter_zi.o(!!handler_zi)
    _printf_d                                0x080001a5   Thumb Code     0  _printf_d.o(.ARM.Collect$$_printf_percent$$00000009)
    _printf_percent                          0x080001a5   Thumb Code     0  _printf_percent.o(.ARM.Collect$$_printf_percent$$00000000)
    _printf_u                                0x080001ab   Thumb Code     0  _printf_u.o(.ARM.Collect$$_printf_percent$$0000000A)
    _printf_x                                0x080001b1   Thumb Code     0  _printf_x.o(.ARM.Collect$$_printf_percent$$0000000C)
    _printf_c                                0x080001b7   Thumb Code     0  _printf_c.o(.ARM.Collect$$_printf_percent$$00000013)
    _printf_s                                0x080001bd   Thumb Code     0  _printf_s.o(.ARM.Collect$$_printf_percent$$00000014)
    _printf_percent_end                      0x080001c3   Thumb Code     0  _printf_percent_end.o(.ARM.Collect$$_printf_percent$$00000017)
    __rt_lib_init                            0x080001c7   Thumb Code     0  libinit.o(.ARM.Collect$$libinit$$00000000)
    __rt_lib_init_alloca_1                   0x080001c9   Thumb Code     0  libinit2.o(.ARM.Collect$$libinit$$0000002E)
    __rt_lib_init_argv_1                     0x080001c9   Thumb Code     0  libinit2.o(.ARM.Collect$$libinit$$0000002C)
    __rt_lib_init_atexit_1                   0x080001c9   Thumb Code     0  libinit2.o(.ARM.Collect$$libinit$$0000001B)
    __rt_lib_init_clock_1                    0x080001c9   Thumb Code     0  libinit2.o(.ARM.Collect$$libinit$$00000021)
    __rt_lib_init_cpp_1                      0x080001c9   Thumb Code     0  libinit2.o(.ARM.Collect$$libinit$$00000032)
    __rt_lib_init_exceptions_1               0x080001c9   Thumb Code     0  libinit2.o(.ARM.Collect$$libinit$$00000030)
    __rt_lib_init_fp_1                       0x080001c9   Thumb Code     0  libinit2.o(.ARM.Collect$$libinit$$00000002)
    __rt_lib_init_fp_trap_1                  0x080001c9   Thumb Code     0  libinit2.o(.ARM.Collect$$libinit$$0000001F)
    __rt_lib_init_getenv_1                   0x080001c9   Thumb Code     0  libinit2.o(.ARM.Collect$$libinit$$00000023)
    __rt_lib_init_heap_1                     0x080001c9   Thumb Code     0  libinit2.o(.ARM.Collect$$libinit$$0000000A)
    __rt_lib_init_lc_collate_1               0x080001c9   Thumb Code     0  libinit2.o(.ARM.Collect$$libinit$$00000011)
    __rt_lib_init_lc_ctype_1                 0x080001c9   Thumb Code     0  libinit2.o(.ARM.Collect$$libinit$$00000013)
    __rt_lib_init_lc_monetary_1              0x080001c9   Thumb Code     0  libinit2.o(.ARM.Collect$$libinit$$00000015)
    __rt_lib_init_lc_numeric_1               0x080001c9   Thumb Code     0  libinit2.o(.ARM.Collect$$libinit$$00000017)
    __rt_lib_init_lc_time_1                  0x080001c9   Thumb Code     0  libinit2.o(.ARM.Collect$$libinit$$00000019)
    __rt_lib_init_preinit_1                  0x080001c9   Thumb Code     0  libinit2.o(.ARM.Collect$$libinit$$00000004)
    __rt_lib_init_rand_1                     0x080001c9   Thumb Code     0  libinit2.o(.ARM.Collect$$libinit$$0000000E)
    __rt_lib_init_return                     0x080001c9   Thumb Code     0  libinit2.o(.ARM.Collect$$libinit$$00000033)
    __rt_lib_init_signal_1                   0x080001c9   Thumb Code     0  libinit2.o(.ARM.Collect$$libinit$$0000001D)
    __rt_lib_init_stdio_1                    0x080001c9   Thumb Code     0  libinit2.o(.ARM.Collect$$libinit$$00000025)
    __rt_lib_init_user_alloc_1               0x080001c9   Thumb Code     0  libinit2.o(.ARM.Collect$$libinit$$0000000C)
    __rt_lib_shutdown                        0x080001cb   Thumb Code     0  libshutdown.o(.ARM.Collect$$libshutdown$$00000000)
    __rt_lib_shutdown_cpp_1                  0x080001cd   Thumb Code     0  libshutdown2.o(.ARM.Collect$$libshutdown$$00000004)
    __rt_lib_shutdown_fini_1                 0x080001cd   Thumb Code     0  libshutdown2.o(.ARM.Collect$$libshutdown$$00000002)
    __rt_lib_shutdown_fp_trap_1              0x080001cd   Thumb Code     0  libshutdown2.o(.ARM.Collect$$libshutdown$$00000009)
    __rt_lib_shutdown_heap_1                 0x080001cd   Thumb Code     0  libshutdown2.o(.ARM.Collect$$libshutdown$$00000011)
    __rt_lib_shutdown_return                 0x080001cd   Thumb Code     0  libshutdown2.o(.ARM.Collect$$libshutdown$$00000012)
    __rt_lib_shutdown_signal_1               0x080001cd   Thumb Code     0  libshutdown2.o(.ARM.Collect$$libshutdown$$0000000C)
    __rt_lib_shutdown_stdio_1                0x080001cd   Thumb Code     0  libshutdown2.o(.ARM.Collect$$libshutdown$$00000006)
    __rt_lib_shutdown_user_alloc_1           0x080001cd   Thumb Code     0  libshutdown2.o(.ARM.Collect$$libshutdown$$0000000E)
    __rt_entry                               0x080001cf   Thumb Code     0  __rtentry.o(.ARM.Collect$$rtentry$$00000000)
    __rt_entry_presh_1                       0x080001cf   Thumb Code     0  __rtentry2.o(.ARM.Collect$$rtentry$$00000002)
    __rt_entry_sh                            0x080001cf   Thumb Code     0  __rtentry4.o(.ARM.Collect$$rtentry$$00000004)
    __rt_entry_li                            0x080001d5   Thumb Code     0  __rtentry2.o(.ARM.Collect$$rtentry$$0000000A)
    __rt_entry_postsh_1                      0x080001d5   Thumb Code     0  __rtentry2.o(.ARM.Collect$$rtentry$$00000009)
    __rt_entry_main                          0x080001d9   Thumb Code     0  __rtentry2.o(.ARM.Collect$$rtentry$$0000000D)
    __rt_entry_postli_1                      0x080001d9   Thumb Code     0  __rtentry2.o(.ARM.Collect$$rtentry$$0000000C)
    __rt_exit                                0x080001e1   Thumb Code     0  rtexit.o(.ARM.Collect$$rtexit$$00000000)
    __rt_exit_ls                             0x080001e3   Thumb Code     0  rtexit2.o(.ARM.Collect$$rtexit$$00000003)
    __rt_exit_prels_1                        0x080001e3   Thumb Code     0  rtexit2.o(.ARM.Collect$$rtexit$$00000002)
    __rt_exit_exit                           0x080001e7   Thumb Code     0  rtexit2.o(.ARM.Collect$$rtexit$$00000004)
    SVC_Handler                              0x080001ed   Thumb Code    32  port.o(.emb_text)
    __asm___6_port_c_39a90d8d__prvStartFirstTask 0x08000211   Thumb Code    28  port.o(.emb_text)
    PendSV_Handler                           0x08000231   Thumb Code    72  port.o(.emb_text)
    vPortGetIPSR                             0x0800027d   Thumb Code     6  port.o(.emb_text)
    Reset_Handler                            0x08000285   Thumb Code     8  startup_stm32f10x_hd.o(.text)
    ADC1_2_IRQHandler                        0x0800029f   Thumb Code     0  startup_stm32f10x_hd.o(.text)
    ADC3_IRQHandler                          0x0800029f   Thumb Code     0  startup_stm32f10x_hd.o(.text)
    CAN1_RX1_IRQHandler                      0x0800029f   Thumb Code     0  startup_stm32f10x_hd.o(.text)
    CAN1_SCE_IRQHandler                      0x0800029f   Thumb Code     0  startup_stm32f10x_hd.o(.text)
    DMA1_Channel1_IRQHandler                 0x0800029f   Thumb Code     0  startup_stm32f10x_hd.o(.text)
    DMA1_Channel2_IRQHandler                 0x0800029f   Thumb Code     0  startup_stm32f10x_hd.o(.text)
    DMA1_Channel3_IRQHandler                 0x0800029f   Thumb Code     0  startup_stm32f10x_hd.o(.text)
    DMA1_Channel4_IRQHandler                 0x0800029f   Thumb Code     0  startup_stm32f10x_hd.o(.text)
    DMA1_Channel5_IRQHandler                 0x0800029f   Thumb Code     0  startup_stm32f10x_hd.o(.text)
    DMA1_Channel6_IRQHandler                 0x0800029f   Thumb Code     0  startup_stm32f10x_hd.o(.text)
    DMA1_Channel7_IRQHandler                 0x0800029f   Thumb Code     0  startup_stm32f10x_hd.o(.text)
    DMA2_Channel1_IRQHandler                 0x0800029f   Thumb Code     0  startup_stm32f10x_hd.o(.text)
    DMA2_Channel2_IRQHandler                 0x0800029f   Thumb Code     0  startup_stm32f10x_hd.o(.text)
    DMA2_Channel3_IRQHandler                 0x0800029f   Thumb Code     0  startup_stm32f10x_hd.o(.text)
    DMA2_Channel4_5_IRQHandler               0x0800029f   Thumb Code     0  startup_stm32f10x_hd.o(.text)
    EXTI0_IRQHandler                         0x0800029f   Thumb Code     0  startup_stm32f10x_hd.o(.text)
    EXTI15_10_IRQHandler                     0x0800029f   Thumb Code     0  startup_stm32f10x_hd.o(.text)
    EXTI1_IRQHandler                         0x0800029f   Thumb Code     0  startup_stm32f10x_hd.o(.text)
    EXTI2_IRQHandler                         0x0800029f   Thumb Code     0  startup_stm32f10x_hd.o(.text)
    EXTI3_IRQHandler                         0x0800029f   Thumb Code     0  startup_stm32f10x_hd.o(.text)
    EXTI4_IRQHandler                         0x0800029f   Thumb Code     0  startup_stm32f10x_hd.o(.text)
    EXTI9_5_IRQHandler                       0x0800029f   Thumb Code     0  startup_stm32f10x_hd.o(.text)
    FLASH_IRQHandler                         0x0800029f   Thumb Code     0  startup_stm32f10x_hd.o(.text)
    FSMC_IRQHandler                          0x0800029f   Thumb Code     0  startup_stm32f10x_hd.o(.text)
    I2C1_ER_IRQHandler                       0x0800029f   Thumb Code     0  startup_stm32f10x_hd.o(.text)
    I2C1_EV_IRQHandler                       0x0800029f   Thumb Code     0  startup_stm32f10x_hd.o(.text)
    I2C2_ER_IRQHandler                       0x0800029f   Thumb Code     0  startup_stm32f10x_hd.o(.text)
    I2C2_EV_IRQHandler                       0x0800029f   Thumb Code     0  startup_stm32f10x_hd.o(.text)
    PVD_IRQHandler                           0x0800029f   Thumb Code     0  startup_stm32f10x_hd.o(.text)
    RCC_IRQHandler                           0x0800029f   Thumb Code     0  startup_stm32f10x_hd.o(.text)
    RTCAlarm_IRQHandler                      0x0800029f   Thumb Code     0  startup_stm32f10x_hd.o(.text)
    RTC_IRQHandler                           0x0800029f   Thumb Code     0  startup_stm32f10x_hd.o(.text)
    SDIO_IRQHandler                          0x0800029f   Thumb Code     0  startup_stm32f10x_hd.o(.text)
    SPI1_IRQHandler                          0x0800029f   Thumb Code     0  startup_stm32f10x_hd.o(.text)
    SPI2_IRQHandler                          0x0800029f   Thumb Code     0  startup_stm32f10x_hd.o(.text)
    SPI3_IRQHandler                          0x0800029f   Thumb Code     0  startup_stm32f10x_hd.o(.text)
    TAMPER_IRQHandler                        0x0800029f   Thumb Code     0  startup_stm32f10x_hd.o(.text)
    TIM1_BRK_IRQHandler                      0x0800029f   Thumb Code     0  startup_stm32f10x_hd.o(.text)
    TIM1_CC_IRQHandler                       0x0800029f   Thumb Code     0  startup_stm32f10x_hd.o(.text)
    TIM1_TRG_COM_IRQHandler                  0x0800029f   Thumb Code     0  startup_stm32f10x_hd.o(.text)
    TIM1_UP_IRQHandler                       0x0800029f   Thumb Code     0  startup_stm32f10x_hd.o(.text)
    TIM2_IRQHandler                          0x0800029f   Thumb Code     0  startup_stm32f10x_hd.o(.text)
    TIM4_IRQHandler                          0x0800029f   Thumb Code     0  startup_stm32f10x_hd.o(.text)
    TIM6_IRQHandler                          0x0800029f   Thumb Code     0  startup_stm32f10x_hd.o(.text)
    TIM7_IRQHandler                          0x0800029f   Thumb Code     0  startup_stm32f10x_hd.o(.text)
    TIM8_BRK_IRQHandler                      0x0800029f   Thumb Code     0  startup_stm32f10x_hd.o(.text)
    TIM8_CC_IRQHandler                       0x0800029f   Thumb Code     0  startup_stm32f10x_hd.o(.text)
    TIM8_TRG_COM_IRQHandler                  0x0800029f   Thumb Code     0  startup_stm32f10x_hd.o(.text)
    TIM8_UP_IRQHandler                       0x0800029f   Thumb Code     0  startup_stm32f10x_hd.o(.text)
    UART4_IRQHandler                         0x0800029f   Thumb Code     0  startup_stm32f10x_hd.o(.text)
    UART5_IRQHandler                         0x0800029f   Thumb Code     0  startup_stm32f10x_hd.o(.text)
    USART2_IRQHandler                        0x0800029f   Thumb Code     0  startup_stm32f10x_hd.o(.text)
    USART3_IRQHandler                        0x0800029f   Thumb Code     0  startup_stm32f10x_hd.o(.text)
    USBWakeUp_IRQHandler                     0x0800029f   Thumb Code     0  startup_stm32f10x_hd.o(.text)
    USB_HP_CAN1_TX_IRQHandler                0x0800029f   Thumb Code     0  startup_stm32f10x_hd.o(.text)
    USB_LP_CAN1_RX0_IRQHandler               0x0800029f   Thumb Code     0  startup_stm32f10x_hd.o(.text)
    WWDG_IRQHandler                          0x0800029f   Thumb Code     0  startup_stm32f10x_hd.o(.text)
    __user_initial_stackheap                 0x080002a1   Thumb Code     0  startup_stm32f10x_hd.o(.text)
    __use_no_semihosting                     0x080002c5   Thumb Code     2  use_no_semi_2.o(.text)
    __2printf                                0x080002c9   Thumb Code    20  noretval__2printf.o(.text)
    __2sprintf                               0x080002e1   Thumb Code    34  noretval__2sprintf.o(.text)
    _printf_str                              0x08000309   Thumb Code    82  _printf_str.o(.text)
    _printf_int_dec                          0x0800035d   Thumb Code   104  _printf_dec.o(.text)
    _printf_int_hex                          0x080003d5   Thumb Code    84  _printf_hex_int.o(.text)
    _printf_longlong_hex                     0x080003d5   Thumb Code     0  _printf_hex_int.o(.text)
    __printf                                 0x0800042d   Thumb Code   144  __printf_flags.o(.text)
    strcpy                                   0x080004c1   Thumb Code    72  strcpy.o(.text)
    strlen                                   0x08000509   Thumb Code    62  strlen.o(.text)
    __aeabi_memcpy                           0x08000547   Thumb Code     0  rt_memcpy_v6.o(.text)
    __rt_memcpy                              0x08000547   Thumb Code   138  rt_memcpy_v6.o(.text)
    _memcpy_lastbytes                        0x080005ad   Thumb Code     0  rt_memcpy_v6.o(.text)
    __aeabi_memset                           0x080005d1   Thumb Code    16  aeabi_memset.o(.text)
    __use_two_region_memory                  0x080005e1   Thumb Code     2  heapauxi.o(.text)
    __rt_heap_escrow$2region                 0x080005e3   Thumb Code     2  heapauxi.o(.text)
    __rt_heap_expand$2region                 0x080005e5   Thumb Code     2  heapauxi.o(.text)
    __I$use$semihosting                      0x080005e7   Thumb Code     0  use_no_semi.o(.text)
    __use_no_semihosting_swi                 0x080005e7   Thumb Code     2  use_no_semi.o(.text)
    _printf_int_common                       0x080005e9   Thumb Code   178  _printf_intcommon.o(.text)
    _printf_char_common                      0x080006a7   Thumb Code    32  _printf_char_common.o(.text)
    _sputc                                   0x080006cd   Thumb Code    10  _sputc.o(.text)
    _printf_cs_common                        0x080006d7   Thumb Code    20  _printf_char.o(.text)
    _printf_char                             0x080006eb   Thumb Code    16  _printf_char.o(.text)
    _printf_string                           0x080006fb   Thumb Code     8  _printf_char.o(.text)
    _printf_char_file                        0x08000705   Thumb Code    32  _printf_char_file.o(.text)
    __aeabi_memcpy4                          0x08000729   Thumb Code     0  rt_memcpy_w.o(.text)
    __aeabi_memcpy8                          0x08000729   Thumb Code     0  rt_memcpy_w.o(.text)
    __rt_memcpy_w                            0x08000729   Thumb Code   100  rt_memcpy_w.o(.text)
    _memcpy_lastbytes_aligned                0x08000771   Thumb Code     0  rt_memcpy_w.o(.text)
    __aeabi_memclr                           0x0800078d   Thumb Code     0  rt_memclr.o(.text)
    __rt_memclr                              0x0800078d   Thumb Code    68  rt_memclr.o(.text)
    _memset                                  0x08000791   Thumb Code     0  rt_memclr.o(.text)
    ferror                                   0x080007d1   Thumb Code     8  ferror.o(.text)
    __aeabi_memclr4                          0x080007d9   Thumb Code     0  rt_memclr_w.o(.text)
    __aeabi_memclr8                          0x080007d9   Thumb Code     0  rt_memclr_w.o(.text)
    __rt_memclr_w                            0x080007d9   Thumb Code    78  rt_memclr_w.o(.text)
    _memset_w                                0x080007dd   Thumb Code     0  rt_memclr_w.o(.text)
    __user_setup_stackheap                   0x08000827   Thumb Code    74  sys_stackheap_outer.o(.text)
    exit                                     0x08000871   Thumb Code    18  exit.o(.text)
    __user_libspace                          0x08000885   Thumb Code     8  libspace.o(.text)
    __user_perproc_libspace                  0x08000885   Thumb Code     0  libspace.o(.text)
    __user_perthread_libspace                0x08000885   Thumb Code     0  libspace.o(.text)
    BusFault_Handler                         0x0800088d   Thumb Code     2  stm32f10x_it.o(i.BusFault_Handler)
    DebugMon_Handler                         0x0800088f   Thumb Code     2  stm32f10x_it.o(i.DebugMon_Handler)
    FSMC_NORSRAMCmd                          0x08000891   Thumb Code    26  stm32f10x_fsmc.o(i.FSMC_NORSRAMCmd)
    FSMC_NORSRAMInit                         0x080008b1   Thumb Code   200  stm32f10x_fsmc.o(i.FSMC_NORSRAMInit)
    GPIO_Init                                0x08000979   Thumb Code   156  stm32f10x_gpio.o(i.GPIO_Init)
    GPIO_ReadInputDataBit                    0x08000a15   Thumb Code    14  stm32f10x_gpio.o(i.GPIO_ReadInputDataBit)
    GPIO_SetBits                             0x08000a23   Thumb Code     4  stm32f10x_gpio.o(i.GPIO_SetBits)
    HardFault_Handler                        0x08000a27   Thumb Code     2  stm32f10x_it.o(i.HardFault_Handler)
    KEY_Init                                 0x08000a29   Thumb Code    52  key.o(i.KEY_Init)
    KEY_Scan                                 0x08000a65   Thumb Code   190  key.o(i.KEY_Scan)
    LCD_Clear                                0x08000b31   Thumb Code    40  lcd.o(i.LCD_Clear)
    LCD_Display_Dir                          0x08000b61   Thumb Code   180  lcd.o(i.LCD_Display_Dir)
    LCD_Fast_DrawPoint                       0x08000c19   Thumb Code   164  lcd.o(i.LCD_Fast_DrawPoint)
    LCD_Init                                 0x08000cc5   Thumb Code  7736  lcd.o(i.LCD_Init)
    LCD_RD_DATA                              0x08002b01   Thumb Code    16  lcd.o(i.LCD_RD_DATA)
    LCD_SSD_BackLightSet                     0x08002b15   Thumb Code    50  lcd.o(i.LCD_SSD_BackLightSet)
    LCD_Scan_Dir                             0x08002b51   Thumb Code   314  lcd.o(i.LCD_Scan_Dir)
    LCD_SetCursor                            0x08002c95   Thumb Code   172  lcd.o(i.LCD_SetCursor)
    LCD_ShowChar                             0x08002d49   Thumb Code   182  lcd.o(i.LCD_ShowChar)
    LCD_ShowString                           0x08002e15   Thumb Code    84  lcd.o(i.LCD_ShowString)
    LCD_WriteRAM_Prepare                     0x08002e69   Thumb Code    10  lcd.o(i.LCD_WriteRAM_Prepare)
    LCD_WriteReg                             0x08002e7d   Thumb Code    10  lcd.o(i.LCD_WriteReg)
    LED_Init                                 0x08002e8d   Thumb Code    70  led.o(i.LED_Init)
    MemManage_Handler                        0x08002edd   Thumb Code     2  stm32f10x_it.o(i.MemManage_Handler)
    NMI_Handler                              0x08002edf   Thumb Code     2  stm32f10x_it.o(i.NMI_Handler)
    NVIC_Init                                0x08002ee1   Thumb Code    94  misc.o(i.NVIC_Init)
    NVIC_PriorityGroupConfig                 0x08002f45   Thumb Code    10  misc.o(i.NVIC_PriorityGroupConfig)
    RCC_AHBPeriphClockCmd                    0x08002f59   Thumb Code    18  stm32f10x_rcc.o(i.RCC_AHBPeriphClockCmd)
    RCC_APB2PeriphClockCmd                   0x08002f71   Thumb Code    18  stm32f10x_rcc.o(i.RCC_APB2PeriphClockCmd)
    RCC_GetClocksFreq                        0x08002f89   Thumb Code   132  stm32f10x_rcc.o(i.RCC_GetClocksFreq)
    SysTick_CLKSourceConfig                  0x080030c5   Thumb Code    24  misc.o(i.SysTick_CLKSourceConfig)
    SysTick_Handler                          0x080030dd   Thumb Code    20  delay.o(i.SysTick_Handler)
    SystemInit                               0x080030f1   Thumb Code    64  system_stm32f10x.o(i.SystemInit)
    TIM3_IRQHandler                          0x08003141   Thumb Code    34  timer.o(i.TIM3_IRQHandler)
    TIM5_IRQHandler                          0x0800317d   Thumb Code    34  timer.o(i.TIM5_IRQHandler)
    TIM_ClearITPendingBit                    0x080031b9   Thumb Code     6  stm32f10x_tim.o(i.TIM_ClearITPendingBit)
    TIM_GetITStatus                          0x080031bf   Thumb Code    24  stm32f10x_tim.o(i.TIM_GetITStatus)
    USART1_IRQHandler                        0x080031d9   Thumb Code    88  usart.o(i.USART1_IRQHandler)
    USART_Cmd                                0x0800323d   Thumb Code    20  stm32f10x_usart.o(i.USART_Cmd)
    USART_GetITStatus                        0x08003251   Thumb Code    62  stm32f10x_usart.o(i.USART_GetITStatus)
    USART_ITConfig                           0x0800328f   Thumb Code    48  stm32f10x_usart.o(i.USART_ITConfig)
    USART_Init                               0x080032c1   Thumb Code   166  stm32f10x_usart.o(i.USART_Init)
    USART_ReceiveData                        0x0800336d   Thumb Code     8  stm32f10x_usart.o(i.USART_ReceiveData)
    UsageFault_Handler                       0x08003375   Thumb Code     2  stm32f10x_it.o(i.UsageFault_Handler)
    _sys_exit                                0x08003377   Thumb Code     2  usart.o(i._sys_exit)
    delay_init                               0x08003379   Thumb Code    60  delay.o(i.delay_init)
    delay_ms                                 0x080033c1   Thumb Code    52  delay.o(i.delay_ms)
    delay_us                                 0x080033f9   Thumb Code    48  delay.o(i.delay_us)
    eTaskGetState                            0x0800342d   Thumb Code    90  tasks.o(i.eTaskGetState)
    fputc                                    0x080034b5   Thumb Code    18  usart.o(i.fputc)
    led0_task                                0x080034cd   Thumb Code    24  main.o(i.led0_task)
    main                                     0x080034e9   Thumb Code   162  main.o(i.main)
    pvPortMalloc                             0x08003f09   Thumb Code   214  heap_4.o(i.pvPortMalloc)
    pvTaskIncrementMutexHeldCount            0x0800401d   Thumb Code    18  tasks.o(i.pvTaskIncrementMutexHeldCount)
    pxPortInitialiseStack                    0x08004035   Thumb Code    32  port.o(i.pxPortInitialiseStack)
    query_task                               0x08004059   Thumb Code   376  main.o(i.query_task)
    start_task                               0x080044d5   Thumb Code    68  main.o(i.start_task)
    uart_init                                0x0800453d   Thumb Code   152  usart.o(i.uart_init)
    uxListRemove                             0x080045dd   Thumb Code    36  list.o(i.uxListRemove)
    uxTaskGetNumberOfTasks                   0x08004601   Thumb Code     6  tasks.o(i.uxTaskGetNumberOfTasks)
    uxTaskGetSystemState                     0x0800460d   Thumb Code   158  tasks.o(i.uxTaskGetSystemState)
    vListInitialise                          0x080046b9   Thumb Code    22  list.o(i.vListInitialise)
    vListInitialiseItem                      0x080046cf   Thumb Code     6  list.o(i.vListInitialiseItem)
    vListInsert                              0x080046d5   Thumb Code    48  list.o(i.vListInsert)
    vListInsertEnd                           0x08004705   Thumb Code    24  list.o(i.vListInsertEnd)
    vPortEnterCritical                       0x0800471d   Thumb Code    50  port.o(i.vPortEnterCritical)
    vPortExitCritical                        0x08004795   Thumb Code    34  port.o(i.vPortExitCritical)
    vPortFree                                0x080047f9   Thumb Code    94  heap_4.o(i.vPortFree)
    vPortSetupTimerInterrupt                 0x08004895   Thumb Code    26  port.o(i.vPortSetupTimerInterrupt)
    vPortValidateInterruptPriority           0x080048b5   Thumb Code    70  port.o(i.vPortValidateInterruptPriority)
    vQueueAddToRegistry                      0x08004941   Thumb Code    32  queue.o(i.vQueueAddToRegistry)
    vQueueWaitForMessageRestricted           0x08004965   Thumb Code    68  queue.o(i.vQueueWaitForMessageRestricted)
    vTaskDelay                               0x080049a9   Thumb Code    62  tasks.o(i.vTaskDelay)
    vTaskDelete                              0x08004a15   Thumb Code   152  tasks.o(i.vTaskDelete)
    vTaskGetInfo                             0x08004ae1   Thumb Code   128  tasks.o(i.vTaskGetInfo)
    vTaskList                                0x08004b65   Thumb Code   188  tasks.o(i.vTaskList)
    vTaskMissedYield                         0x08004c35   Thumb Code     8  tasks.o(i.vTaskMissedYield)
    vTaskPlaceOnEventList                    0x08004c41   Thumb Code    44  tasks.o(i.vTaskPlaceOnEventList)
    vTaskPlaceOnEventListRestricted          0x08004c95   Thumb Code    52  tasks.o(i.vTaskPlaceOnEventListRestricted)
    vTaskPriorityInherit                     0x08004cf1   Thumb Code   124  tasks.o(i.vTaskPriorityInherit)
    vTaskSetTimeOutState                     0x08004d75   Thumb Code    30  tasks.o(i.vTaskSetTimeOutState)
    vTaskStartScheduler                      0x08004dbd   Thumb Code    96  tasks.o(i.vTaskStartScheduler)
    vTaskSuspendAll                          0x08004e51   Thumb Code    10  tasks.o(i.vTaskSuspendAll)
    vTaskSwitchContext                       0x08004e61   Thumb Code    80  tasks.o(i.vTaskSwitchContext)
    xPortStartScheduler                      0x08004edd   Thumb Code   108  port.o(i.xPortStartScheduler)
    xPortSysTickHandler                      0x08004f55   Thumb Code    38  port.o(i.xPortSysTickHandler)
    xQueueGenericCreate                      0x08004f81   Thumb Code    82  queue.o(i.xQueueGenericCreate)
    xQueueGenericReceive                     0x08004ff9   Thumb Code   348  queue.o(i.xQueueGenericReceive)
    xQueueGenericReset                       0x0800517d   Thumb Code   128  queue.o(i.xQueueGenericReset)
    xQueueGenericSend                        0x08005225   Thumb Code   350  queue.o(i.xQueueGenericSend)
    xQueueGenericSendFromISR                 0x080053ad   Thumb Code   188  queue.o(i.xQueueGenericSendFromISR)
    xTaskCheckForTimeOut                     0x0800548d   Thumb Code    94  tasks.o(i.xTaskCheckForTimeOut)
    xTaskCreate                              0x08005515   Thumb Code    86  tasks.o(i.xTaskCreate)
    xTaskGetHandle                           0x0800556d   Thumb Code   118  tasks.o(i.xTaskGetHandle)
    xTaskGetSchedulerState                   0x08005615   Thumb Code    22  tasks.o(i.xTaskGetSchedulerState)
    xTaskGetTickCount                        0x08005631   Thumb Code     6  tasks.o(i.xTaskGetTickCount)
    xTaskIncrementTick                       0x0800563d   Thumb Code   188  tasks.o(i.xTaskIncrementTick)
    xTaskPriorityDisinherit                  0x08005725   Thumb Code   136  tasks.o(i.xTaskPriorityDisinherit)
    xTaskRemoveFromEventList                 0x080057d9   Thumb Code   102  tasks.o(i.xTaskRemoveFromEventList)
    xTaskResumeAll                           0x08005871   Thumb Code   180  tasks.o(i.xTaskResumeAll)
    xTimerCreate                             0x08005955   Thumb Code    74  timers.o(i.xTimerCreate)
    xTimerCreateTimerTask                    0x080059c9   Thumb Code    58  timers.o(i.xTimerCreateTimerTask)
    xTimerGenericCommand                     0x08005a3d   Thumb Code    98  timers.o(i.xTimerGenericCommand)
    __aeabi_d2uiz                            0x08005acd   Thumb Code     0  dfixu.o(x$fpl$dfixu)
    _dfixu                                   0x08005acd   Thumb Code    90  dfixu.o(x$fpl$dfixu)
    __aeabi_ui2d                             0x08005b27   Thumb Code     0  dflt_clz.o(x$fpl$dfltu)
    _dfltu                                   0x08005b27   Thumb Code    38  dflt_clz.o(x$fpl$dfltu)
    __aeabi_dmul                             0x08005b4d   Thumb Code     0  dmul.o(x$fpl$dmul)
    _dmul                                    0x08005b4d   Thumb Code   332  dmul.o(x$fpl$dmul)
    __fpl_dnaninf                            0x08005ca1   Thumb Code   156  dnaninf.o(x$fpl$dnaninf)
    __fpl_dretinf                            0x08005d3d   Thumb Code    12  dretinf.o(x$fpl$dretinf)
    __I$use$fp                               0x08005d48   Number         0  usenofp.o(x$fpl$usenofp)
    asc2_1206                                0x08005d48   Data        1140  lcd.o(.constdata)
    asc2_1608                                0x080061bc   Data        1520  lcd.o(.constdata)
    asc2_2412                                0x080067ac   Data        3420  lcd.o(.constdata)
    Region$$Table$$Base                      0x08007544   Number         0  anon$$obj.o(Region$$Table)
    Region$$Table$$Limit                     0x08007564   Number         0  anon$$obj.o(Region$$Table)
    StartTask_Handler                        0x20000000   Data           4  main.o(.data)
    Led0Task_Handler                         0x20000004   Data           4  main.o(.data)
    QueryTask_Handler                        0x20000008   Data           4  main.o(.data)
    SystemCoreClock                          0x2000000c   Data           4  system_stm32f10x.o(.data)
    AHBPrescTable                            0x20000010   Data          16  system_stm32f10x.o(.data)
    POINT_COLOR                              0x20000020   Data           2  lcd.o(.data)
    BACK_COLOR                               0x20000022   Data           2  lcd.o(.data)
    USART_RX_STA                             0x2000002a   Data           2  usart.o(.data)
    __stdout                                 0x2000002c   Data           4  usart.o(.data)
    pxCurrentTCB                             0x20000044   Data           4  tasks.o(.data)
    InfoBuffer                               0x200000b8   Data        1000  main.o(.bss)
    lcddev                                   0x200004a0   Data          14  lcd.o(.bss)
    USART_RX_BUF                             0x200004ae   Data         200  usart.o(.bss)
    xQueueRegistry                           0x20000578   Data          64  queue.o(.bss)
    __libspace_start                         0x200058c4   Data          96  libspace.o(.bss)
    __temporary_stack_top$libspace           0x20005924   Data           0  libspace.o(.bss)



==============================================================================

Memory Map of the image

  Image Entry point : 0x08000285

  Load Region LR_1 (Base: 0x08000000, Size: 0x0000761c, Max: 0xffffffff, ABSOLUTE)

    Execution Region ER_RO (Exec base: 0x08000000, Load base: 0x08000000, Size: 0x00007564, Max: 0xffffffff, ABSOLUTE)

    Exec Addr    Load Addr    Size         Type   Attr      Idx    E Section Name        Object

    0x08000000   0x08000000   0x00000130   Data   RO          688    RESET               startup_stm32f10x_hd.o
    0x08000130   0x08000130   0x00000008   Code   RO         3005  * !!!main             c_w.l(__main.o)
    0x08000138   0x08000138   0x00000034   Code   RO         3202    !!!scatter          c_w.l(__scatter.o)
    0x0800016c   0x0800016c   0x0000001a   Code   RO         3204    !!handler_copy      c_w.l(__scatter_copy.o)
    0x08000186   0x08000186   0x00000002   PAD
    0x08000188   0x08000188   0x0000001c   Code   RO         3206    !!handler_zi        c_w.l(__scatter_zi.o)
    0x080001a4   0x080001a4   0x00000000   Code   RO         2994    .ARM.Collect$$_printf_percent$$00000000  c_w.l(_printf_percent.o)
    0x080001a4   0x080001a4   0x00000006   Code   RO         2992    .ARM.Collect$$_printf_percent$$00000009  c_w.l(_printf_d.o)
    0x080001aa   0x080001aa   0x00000006   Code   RO         2993    .ARM.Collect$$_printf_percent$$0000000A  c_w.l(_printf_u.o)
    0x080001b0   0x080001b0   0x00000006   Code   RO         2991    .ARM.Collect$$_printf_percent$$0000000C  c_w.l(_printf_x.o)
    0x080001b6   0x080001b6   0x00000006   Code   RO         2989    .ARM.Collect$$_printf_percent$$00000013  c_w.l(_printf_c.o)
    0x080001bc   0x080001bc   0x00000006   Code   RO         2990    .ARM.Collect$$_printf_percent$$00000014  c_w.l(_printf_s.o)
    0x080001c2   0x080001c2   0x00000004   Code   RO         3032    .ARM.Collect$$_printf_percent$$00000017  c_w.l(_printf_percent_end.o)
    0x080001c6   0x080001c6   0x00000002   Code   RO         3074    .ARM.Collect$$libinit$$00000000  c_w.l(libinit.o)
    0x080001c8   0x080001c8   0x00000000   Code   RO         3081    .ARM.Collect$$libinit$$00000002  c_w.l(libinit2.o)
    0x080001c8   0x080001c8   0x00000000   Code   RO         3083    .ARM.Collect$$libinit$$00000004  c_w.l(libinit2.o)
    0x080001c8   0x080001c8   0x00000000   Code   RO         3086    .ARM.Collect$$libinit$$0000000A  c_w.l(libinit2.o)
    0x080001c8   0x080001c8   0x00000000   Code   RO         3088    .ARM.Collect$$libinit$$0000000C  c_w.l(libinit2.o)
    0x080001c8   0x080001c8   0x00000000   Code   RO         3090    .ARM.Collect$$libinit$$0000000E  c_w.l(libinit2.o)
    0x080001c8   0x080001c8   0x00000000   Code   RO         3093    .ARM.Collect$$libinit$$00000011  c_w.l(libinit2.o)
    0x080001c8   0x080001c8   0x00000000   Code   RO         3095    .ARM.Collect$$libinit$$00000013  c_w.l(libinit2.o)
    0x080001c8   0x080001c8   0x00000000   Code   RO         3097    .ARM.Collect$$libinit$$00000015  c_w.l(libinit2.o)
    0x080001c8   0x080001c8   0x00000000   Code   RO         3099    .ARM.Collect$$libinit$$00000017  c_w.l(libinit2.o)
    0x080001c8   0x080001c8   0x00000000   Code   RO         3101    .ARM.Collect$$libinit$$00000019  c_w.l(libinit2.o)
    0x080001c8   0x080001c8   0x00000000   Code   RO         3103    .ARM.Collect$$libinit$$0000001B  c_w.l(libinit2.o)
    0x080001c8   0x080001c8   0x00000000   Code   RO         3105    .ARM.Collect$$libinit$$0000001D  c_w.l(libinit2.o)
    0x080001c8   0x080001c8   0x00000000   Code   RO         3107    .ARM.Collect$$libinit$$0000001F  c_w.l(libinit2.o)
    0x080001c8   0x080001c8   0x00000000   Code   RO         3109    .ARM.Collect$$libinit$$00000021  c_w.l(libinit2.o)
    0x080001c8   0x080001c8   0x00000000   Code   RO         3111    .ARM.Collect$$libinit$$00000023  c_w.l(libinit2.o)
    0x080001c8   0x080001c8   0x00000000   Code   RO         3113    .ARM.Collect$$libinit$$00000025  c_w.l(libinit2.o)
    0x080001c8   0x080001c8   0x00000000   Code   RO         3117    .ARM.Collect$$libinit$$0000002C  c_w.l(libinit2.o)
    0x080001c8   0x080001c8   0x00000000   Code   RO         3119    .ARM.Collect$$libinit$$0000002E  c_w.l(libinit2.o)
    0x080001c8   0x080001c8   0x00000000   Code   RO         3121    .ARM.Collect$$libinit$$00000030  c_w.l(libinit2.o)
    0x080001c8   0x080001c8   0x00000000   Code   RO         3123    .ARM.Collect$$libinit$$00000032  c_w.l(libinit2.o)
    0x080001c8   0x080001c8   0x00000002   Code   RO         3124    .ARM.Collect$$libinit$$00000033  c_w.l(libinit2.o)
    0x080001ca   0x080001ca   0x00000002   Code   RO         3142    .ARM.Collect$$libshutdown$$00000000  c_w.l(libshutdown.o)
    0x080001cc   0x080001cc   0x00000000   Code   RO         3152    .ARM.Collect$$libshutdown$$00000002  c_w.l(libshutdown2.o)
    0x080001cc   0x080001cc   0x00000000   Code   RO         3154    .ARM.Collect$$libshutdown$$00000004  c_w.l(libshutdown2.o)
    0x080001cc   0x080001cc   0x00000000   Code   RO         3156    .ARM.Collect$$libshutdown$$00000006  c_w.l(libshutdown2.o)
    0x080001cc   0x080001cc   0x00000000   Code   RO         3159    .ARM.Collect$$libshutdown$$00000009  c_w.l(libshutdown2.o)
    0x080001cc   0x080001cc   0x00000000   Code   RO         3162    .ARM.Collect$$libshutdown$$0000000C  c_w.l(libshutdown2.o)
    0x080001cc   0x080001cc   0x00000000   Code   RO         3164    .ARM.Collect$$libshutdown$$0000000E  c_w.l(libshutdown2.o)
    0x080001cc   0x080001cc   0x00000000   Code   RO         3167    .ARM.Collect$$libshutdown$$00000011  c_w.l(libshutdown2.o)
    0x080001cc   0x080001cc   0x00000002   Code   RO         3168    .ARM.Collect$$libshutdown$$00000012  c_w.l(libshutdown2.o)
    0x080001ce   0x080001ce   0x00000000   Code   RO         3021    .ARM.Collect$$rtentry$$00000000  c_w.l(__rtentry.o)
    0x080001ce   0x080001ce   0x00000000   Code   RO         3043    .ARM.Collect$$rtentry$$00000002  c_w.l(__rtentry2.o)
    0x080001ce   0x080001ce   0x00000006   Code   RO         3055    .ARM.Collect$$rtentry$$00000004  c_w.l(__rtentry4.o)
    0x080001d4   0x080001d4   0x00000000   Code   RO         3045    .ARM.Collect$$rtentry$$00000009  c_w.l(__rtentry2.o)
    0x080001d4   0x080001d4   0x00000004   Code   RO         3046    .ARM.Collect$$rtentry$$0000000A  c_w.l(__rtentry2.o)
    0x080001d8   0x080001d8   0x00000000   Code   RO         3048    .ARM.Collect$$rtentry$$0000000C  c_w.l(__rtentry2.o)
    0x080001d8   0x080001d8   0x00000008   Code   RO         3049    .ARM.Collect$$rtentry$$0000000D  c_w.l(__rtentry2.o)
    0x080001e0   0x080001e0   0x00000002   Code   RO         3078    .ARM.Collect$$rtexit$$00000000  c_w.l(rtexit.o)
    0x080001e2   0x080001e2   0x00000000   Code   RO         3126    .ARM.Collect$$rtexit$$00000002  c_w.l(rtexit2.o)
    0x080001e2   0x080001e2   0x00000004   Code   RO         3127    .ARM.Collect$$rtexit$$00000003  c_w.l(rtexit2.o)
    0x080001e6   0x080001e6   0x00000006   Code   RO         3128    .ARM.Collect$$rtexit$$00000004  c_w.l(rtexit2.o)
    0x080001ec   0x080001ec   0x00000096   Code   RO         2853    .emb_text           port.o
    0x08000282   0x08000282   0x00000002   PAD
    0x08000284   0x08000284   0x00000040   Code   RO          689  * .text               startup_stm32f10x_hd.o
    0x080002c4   0x080002c4   0x00000002   Code   RO         2932    .text               c_w.l(use_no_semi_2.o)
    0x080002c6   0x080002c6   0x00000002   PAD
    0x080002c8   0x080002c8   0x00000018   Code   RO         2938    .text               c_w.l(noretval__2printf.o)
    0x080002e0   0x080002e0   0x00000028   Code   RO         2940    .text               c_w.l(noretval__2sprintf.o)
    0x08000308   0x08000308   0x00000052   Code   RO         2944    .text               c_w.l(_printf_str.o)
    0x0800035a   0x0800035a   0x00000002   PAD
    0x0800035c   0x0800035c   0x00000078   Code   RO         2946    .text               c_w.l(_printf_dec.o)
    0x080003d4   0x080003d4   0x00000058   Code   RO         2951    .text               c_w.l(_printf_hex_int.o)
    0x0800042c   0x0800042c   0x00000094   Code   RO         2969    .text               c_w.l(__printf_flags.o)
    0x080004c0   0x080004c0   0x00000048   Code   RO         2995    .text               c_w.l(strcpy.o)
    0x08000508   0x08000508   0x0000003e   Code   RO         2997    .text               c_w.l(strlen.o)
    0x08000546   0x08000546   0x0000008a   Code   RO         2999    .text               c_w.l(rt_memcpy_v6.o)
    0x080005d0   0x080005d0   0x00000010   Code   RO         3001    .text               c_w.l(aeabi_memset.o)
    0x080005e0   0x080005e0   0x00000006   Code   RO         3003    .text               c_w.l(heapauxi.o)
    0x080005e6   0x080005e6   0x00000002   Code   RO         3019    .text               c_w.l(use_no_semi.o)
    0x080005e8   0x080005e8   0x000000b2   Code   RO         3022    .text               c_w.l(_printf_intcommon.o)
    0x0800069a   0x0800069a   0x00000002   PAD
    0x0800069c   0x0800069c   0x00000030   Code   RO         3024    .text               c_w.l(_printf_char_common.o)
    0x080006cc   0x080006cc   0x0000000a   Code   RO         3026    .text               c_w.l(_sputc.o)
    0x080006d6   0x080006d6   0x0000002c   Code   RO         3028    .text               c_w.l(_printf_char.o)
    0x08000702   0x08000702   0x00000002   PAD
    0x08000704   0x08000704   0x00000024   Code   RO         3030    .text               c_w.l(_printf_char_file.o)
    0x08000728   0x08000728   0x00000064   Code   RO         3033    .text               c_w.l(rt_memcpy_w.o)
    0x0800078c   0x0800078c   0x00000044   Code   RO         3035    .text               c_w.l(rt_memclr.o)
    0x080007d0   0x080007d0   0x00000008   Code   RO         3059    .text               c_w.l(ferror.o)
    0x080007d8   0x080007d8   0x0000004e   Code   RO         3063    .text               c_w.l(rt_memclr_w.o)
    0x08000826   0x08000826   0x0000004a   Code   RO         3065    .text               c_w.l(sys_stackheap_outer.o)
    0x08000870   0x08000870   0x00000012   Code   RO         3067    .text               c_w.l(exit.o)
    0x08000882   0x08000882   0x00000002   PAD
    0x08000884   0x08000884   0x00000008   Code   RO         3075    .text               c_w.l(libspace.o)
    0x0800088c   0x0800088c   0x00000002   Code   RO          186    i.BusFault_Handler  stm32f10x_it.o
    0x0800088e   0x0800088e   0x00000002   Code   RO          187    i.DebugMon_Handler  stm32f10x_it.o
    0x08000890   0x08000890   0x00000020   Code   RO         1791    i.FSMC_NORSRAMCmd   stm32f10x_fsmc.o
    0x080008b0   0x080008b0   0x000000c8   Code   RO         1793    i.FSMC_NORSRAMInit  stm32f10x_fsmc.o
    0x08000978   0x08000978   0x0000009c   Code   RO          735    i.GPIO_Init         stm32f10x_gpio.o
    0x08000a14   0x08000a14   0x0000000e   Code   RO          739    i.GPIO_ReadInputDataBit  stm32f10x_gpio.o
    0x08000a22   0x08000a22   0x00000004   Code   RO          743    i.GPIO_SetBits      stm32f10x_gpio.o
    0x08000a26   0x08000a26   0x00000002   Code   RO          188    i.HardFault_Handler  stm32f10x_it.o
    0x08000a28   0x08000a28   0x0000003c   Code   RO          532    i.KEY_Init          key.o
    0x08000a64   0x08000a64   0x000000cc   Code   RO          533    i.KEY_Scan          key.o
    0x08000b30   0x08000b30   0x00000030   Code   RO          329    i.LCD_Clear         lcd.o
    0x08000b60   0x08000b60   0x000000b8   Code   RO          333    i.LCD_Display_Dir   lcd.o
    0x08000c18   0x08000c18   0x000000ac   Code   RO          338    i.LCD_Fast_DrawPoint  lcd.o
    0x08000cc4   0x08000cc4   0x00001e3c   Code   RO          340    i.LCD_Init          lcd.o
    0x08002b00   0x08002b00   0x00000014   Code   RO          342    i.LCD_RD_DATA       lcd.o
    0x08002b14   0x08002b14   0x0000003c   Code   RO          345    i.LCD_SSD_BackLightSet  lcd.o
    0x08002b50   0x08002b50   0x00000144   Code   RO          346    i.LCD_Scan_Dir      lcd.o
    0x08002c94   0x08002c94   0x000000b4   Code   RO          347    i.LCD_SetCursor     lcd.o
    0x08002d48   0x08002d48   0x000000cc   Code   RO          349    i.LCD_ShowChar      lcd.o
    0x08002e14   0x08002e14   0x00000054   Code   RO          351    i.LCD_ShowString    lcd.o
    0x08002e68   0x08002e68   0x00000014   Code   RO          356    i.LCD_WriteRAM_Prepare  lcd.o
    0x08002e7c   0x08002e7c   0x00000010   Code   RO          357    i.LCD_WriteReg      lcd.o
    0x08002e8c   0x08002e8c   0x00000050   Code   RO          286    i.LED_Init          led.o
    0x08002edc   0x08002edc   0x00000002   Code   RO          189    i.MemManage_Handler  stm32f10x_it.o
    0x08002ede   0x08002ede   0x00000002   Code   RO          190    i.NMI_Handler       stm32f10x_it.o
    0x08002ee0   0x08002ee0   0x00000064   Code   RO          693    i.NVIC_Init         misc.o
    0x08002f44   0x08002f44   0x00000014   Code   RO          694    i.NVIC_PriorityGroupConfig  misc.o
    0x08002f58   0x08002f58   0x00000018   Code   RO          868    i.RCC_AHBPeriphClockCmd  stm32f10x_rcc.o
    0x08002f70   0x08002f70   0x00000018   Code   RO          871    i.RCC_APB2PeriphClockCmd  stm32f10x_rcc.o
    0x08002f88   0x08002f88   0x00000094   Code   RO          879    i.RCC_GetClocksFreq  stm32f10x_rcc.o
    0x0800301c   0x0800301c   0x000000a8   Code   RO          257    i.SetSysClockTo72   system_stm32f10x.o
    0x080030c4   0x080030c4   0x00000018   Code   RO          697    i.SysTick_CLKSourceConfig  misc.o
    0x080030dc   0x080030dc   0x00000014   Code   RO          551    i.SysTick_Handler   delay.o
    0x080030f0   0x080030f0   0x00000050   Code   RO          259    i.SystemInit        system_stm32f10x.o
    0x08003140   0x08003140   0x0000003c   Code   RO          298    i.TIM3_IRQHandler   timer.o
    0x0800317c   0x0800317c   0x0000003c   Code   RO          300    i.TIM5_IRQHandler   timer.o
    0x080031b8   0x080031b8   0x00000006   Code   RO         1256    i.TIM_ClearITPendingBit  stm32f10x_tim.o
    0x080031be   0x080031be   0x00000018   Code   RO         1282    i.TIM_GetITStatus   stm32f10x_tim.o
    0x080031d6   0x080031d6   0x00000002   PAD
    0x080031d8   0x080031d8   0x00000064   Code   RO          628    i.USART1_IRQHandler  usart.o
    0x0800323c   0x0800323c   0x00000014   Code   RO         1071    i.USART_Cmd         stm32f10x_usart.o
    0x08003250   0x08003250   0x0000003e   Code   RO         1075    i.USART_GetITStatus  stm32f10x_usart.o
    0x0800328e   0x0800328e   0x00000030   Code   RO         1077    i.USART_ITConfig    stm32f10x_usart.o
    0x080032be   0x080032be   0x00000002   PAD
    0x080032c0   0x080032c0   0x000000ac   Code   RO         1078    i.USART_Init        stm32f10x_usart.o
    0x0800336c   0x0800336c   0x00000008   Code   RO         1085    i.USART_ReceiveData  stm32f10x_usart.o
    0x08003374   0x08003374   0x00000002   Code   RO          191    i.UsageFault_Handler  stm32f10x_it.o
    0x08003376   0x08003376   0x00000002   Code   RO          629    i._sys_exit         usart.o
    0x08003378   0x08003378   0x00000048   Code   RO          552    i.delay_init        delay.o
    0x080033c0   0x080033c0   0x00000038   Code   RO          553    i.delay_ms          delay.o
    0x080033f8   0x080033f8   0x00000034   Code   RO          554    i.delay_us          delay.o
    0x0800342c   0x0800342c   0x00000088   Code   RO         2326    i.eTaskGetState     tasks.o
    0x080034b4   0x080034b4   0x00000018   Code   RO          630    i.fputc             usart.o
    0x080034cc   0x080034cc   0x0000001c   Code   RO            1    i.led0_task         main.o
    0x080034e8   0x080034e8   0x00000110   Code   RO            2    i.main              main.o
    0x080035f8   0x080035f8   0x00000070   Code   RO         2328    i.prvAddCurrentTaskToDelayedList  tasks.o
    0x08003668   0x08003668   0x000000d0   Code   RO         2329    i.prvAddNewTaskToReadyList  tasks.o
    0x08003738   0x08003738   0x00000050   Code   RO         2684    i.prvCheckForValidListAndQueue  timers.o
    0x08003788   0x08003788   0x00000054   Code   RO         2330    i.prvCheckTasksWaitingTermination  tasks.o
    0x080037dc   0x080037dc   0x00000026   Code   RO         2107    i.prvCopyDataFromQueue  queue.o
    0x08003802   0x08003802   0x0000006c   Code   RO         2108    i.prvCopyDataToQueue  queue.o
    0x0800386e   0x0800386e   0x00000014   Code   RO         2331    i.prvDeleteTCB      tasks.o
    0x08003882   0x08003882   0x00000002   PAD
    0x08003884   0x08003884   0x0000004c   Code   RO         2804    i.prvHeapInit       heap_4.o
    0x080038d0   0x080038d0   0x00000028   Code   RO         2332    i.prvIdleTask       tasks.o
    0x080038f8   0x080038f8   0x000000c0   Code   RO         2333    i.prvInitialiseNewTask  tasks.o
    0x080039b8   0x080039b8   0x0000004c   Code   RO         2805    i.prvInsertBlockIntoFreeList  heap_4.o
    0x08003a04   0x08003a04   0x00000038   Code   RO         2685    i.prvInsertTimerInActiveList  timers.o
    0x08003a3c   0x08003a3c   0x0000001a   Code   RO         2109    i.prvIsQueueEmpty   queue.o
    0x08003a56   0x08003a56   0x00000056   Code   RO         2334    i.prvListTasksWithinSingleList  tasks.o
    0x08003aac   0x08003aac   0x00000090   Code   RO         2110    i.prvNotifyQueueSetContainer  queue.o
    0x08003b3c   0x08003b3c   0x00000060   Code   RO         2686    i.prvProcessExpiredTimer  timers.o
    0x08003b9c   0x08003b9c   0x000000f0   Code   RO         2687    i.prvProcessReceivedCommands  timers.o
    0x08003c8c   0x08003c8c   0x0000006c   Code   RO         2688    i.prvProcessTimerOrBlockTask  timers.o
    0x08003cf8   0x08003cf8   0x00000020   Code   RO         2335    i.prvResetNextTaskUnblockTime  tasks.o
    0x08003d18   0x08003d18   0x00000028   Code   RO         2689    i.prvSampleTimeNow  timers.o
    0x08003d40   0x08003d40   0x00000058   Code   RO         2336    i.prvSearchForNameWithinSingleList  tasks.o
    0x08003d98   0x08003d98   0x0000006c   Code   RO         2690    i.prvSwitchTimerLists  timers.o
    0x08003e04   0x08003e04   0x00000064   Code   RO         2854    i.prvTaskExitError  port.o
    0x08003e68   0x08003e68   0x00000028   Code   RO         2691    i.prvTimerTask      timers.o
    0x08003e90   0x08003e90   0x00000078   Code   RO         2111    i.prvUnlockQueue    queue.o
    0x08003f08   0x08003f08   0x00000114   Code   RO         2806    i.pvPortMalloc      heap_4.o
    0x0800401c   0x0800401c   0x00000018   Code   RO         2338    i.pvTaskIncrementMutexHeldCount  tasks.o
    0x08004034   0x08004034   0x00000024   Code   RO         2855    i.pxPortInitialiseStack  port.o
    0x08004058   0x08004058   0x0000047c   Code   RO            3    i.query_task        main.o
    0x080044d4   0x080044d4   0x00000068   Code   RO            4    i.start_task        main.o
    0x0800453c   0x0800453c   0x000000a0   Code   RO          631    i.uart_init         usart.o
    0x080045dc   0x080045dc   0x00000024   Code   RO         2070    i.uxListRemove      list.o
    0x08004600   0x08004600   0x0000000c   Code   RO         2340    i.uxTaskGetNumberOfTasks  tasks.o
    0x0800460c   0x0800460c   0x000000ac   Code   RO         2341    i.uxTaskGetSystemState  tasks.o
    0x080046b8   0x080046b8   0x00000016   Code   RO         2071    i.vListInitialise   list.o
    0x080046ce   0x080046ce   0x00000006   Code   RO         2072    i.vListInitialiseItem  list.o
    0x080046d4   0x080046d4   0x00000030   Code   RO         2073    i.vListInsert       list.o
    0x08004704   0x08004704   0x00000018   Code   RO         2074    i.vListInsertEnd    list.o
    0x0800471c   0x0800471c   0x00000078   Code   RO         2857    i.vPortEnterCritical  port.o
    0x08004794   0x08004794   0x00000064   Code   RO         2858    i.vPortExitCritical  port.o
    0x080047f8   0x080047f8   0x0000009c   Code   RO         2807    i.vPortFree         heap_4.o
    0x08004894   0x08004894   0x00000020   Code   RO         2859    i.vPortSetupTimerInterrupt  port.o
    0x080048b4   0x080048b4   0x0000008c   Code   RO         2860    i.vPortValidateInterruptPriority  port.o
    0x08004940   0x08004940   0x00000024   Code   RO         2117    i.vQueueAddToRegistry  queue.o
    0x08004964   0x08004964   0x00000044   Code   RO         2121    i.vQueueWaitForMessageRestricted  queue.o
    0x080049a8   0x080049a8   0x0000006c   Code   RO         2346    i.vTaskDelay        tasks.o
    0x08004a14   0x08004a14   0x000000cc   Code   RO         2348    i.vTaskDelete       tasks.o
    0x08004ae0   0x08004ae0   0x00000084   Code   RO         2350    i.vTaskGetInfo      tasks.o
    0x08004b64   0x08004b64   0x000000d0   Code   RO         2351    i.vTaskList         tasks.o
    0x08004c34   0x08004c34   0x0000000c   Code   RO         2352    i.vTaskMissedYield  tasks.o
    0x08004c40   0x08004c40   0x00000054   Code   RO         2354    i.vTaskPlaceOnEventList  tasks.o
    0x08004c94   0x08004c94   0x0000005c   Code   RO         2355    i.vTaskPlaceOnEventListRestricted  tasks.o
    0x08004cf0   0x08004cf0   0x00000084   Code   RO         2357    i.vTaskPriorityInherit  tasks.o
    0x08004d74   0x08004d74   0x00000048   Code   RO         2361    i.vTaskSetTimeOutState  tasks.o
    0x08004dbc   0x08004dbc   0x00000094   Code   RO         2362    i.vTaskStartScheduler  tasks.o
    0x08004e50   0x08004e50   0x00000010   Code   RO         2364    i.vTaskSuspendAll   tasks.o
    0x08004e60   0x08004e60   0x0000007c   Code   RO         2365    i.vTaskSwitchContext  tasks.o
    0x08004edc   0x08004edc   0x00000078   Code   RO         2861    i.xPortStartScheduler  port.o
    0x08004f54   0x08004f54   0x0000002c   Code   RO         2862    i.xPortSysTickHandler  port.o
    0x08004f80   0x08004f80   0x00000078   Code   RO         2126    i.xQueueGenericCreate  queue.o
    0x08004ff8   0x08004ff8   0x00000184   Code   RO         2127    i.xQueueGenericReceive  queue.o
    0x0800517c   0x0800517c   0x000000a8   Code   RO         2128    i.xQueueGenericReset  queue.o
    0x08005224   0x08005224   0x00000188   Code   RO         2129    i.xQueueGenericSend  queue.o
    0x080053ac   0x080053ac   0x000000e0   Code   RO         2130    i.xQueueGenericSendFromISR  queue.o
    0x0800548c   0x0800548c   0x00000088   Code   RO         2366    i.xTaskCheckForTimeOut  tasks.o
    0x08005514   0x08005514   0x00000056   Code   RO         2367    i.xTaskCreate       tasks.o
    0x0800556a   0x0800556a   0x00000002   PAD
    0x0800556c   0x0800556c   0x000000a8   Code   RO         2371    i.xTaskGetHandle    tasks.o
    0x08005614   0x08005614   0x0000001c   Code   RO         2372    i.xTaskGetSchedulerState  tasks.o
    0x08005630   0x08005630   0x0000000c   Code   RO         2373    i.xTaskGetTickCount  tasks.o
    0x0800563c   0x0800563c   0x000000e8   Code   RO         2375    i.xTaskIncrementTick  tasks.o
    0x08005724   0x08005724   0x000000b4   Code   RO         2378    i.xTaskPriorityDisinherit  tasks.o
    0x080057d8   0x080057d8   0x00000098   Code   RO         2379    i.xTaskRemoveFromEventList  tasks.o
    0x08005870   0x08005870   0x000000e4   Code   RO         2381    i.xTaskResumeAll    tasks.o
    0x08005954   0x08005954   0x00000074   Code   RO         2694    i.xTimerCreate      timers.o
    0x080059c8   0x080059c8   0x00000074   Code   RO         2695    i.xTimerCreateTimerTask  timers.o
    0x08005a3c   0x08005a3c   0x00000090   Code   RO         2696    i.xTimerGenericCommand  timers.o
    0x08005acc   0x08005acc   0x0000005a   Code   RO         3007    x$fpl$dfixu         fz_ws.l(dfixu.o)
    0x08005b26   0x08005b26   0x00000026   Code   RO         3011    x$fpl$dfltu         fz_ws.l(dflt_clz.o)
    0x08005b4c   0x08005b4c   0x00000154   Code   RO         3017    x$fpl$dmul          fz_ws.l(dmul.o)
    0x08005ca0   0x08005ca0   0x0000009c   Code   RO         3037    x$fpl$dnaninf       fz_ws.l(dnaninf.o)
    0x08005d3c   0x08005d3c   0x0000000c   Code   RO         3039    x$fpl$dretinf       fz_ws.l(dretinf.o)
    0x08005d48   0x08005d48   0x00000000   Code   RO         3041    x$fpl$usenofp       fz_ws.l(usenofp.o)
    0x08005d48   0x08005d48   0x000017c0   Data   RO          360    .constdata          lcd.o
    0x08007508   0x08007508   0x00000028   Data   RO         2952    .constdata          c_w.l(_printf_hex_int.o)
    0x08007530   0x08007530   0x00000011   Data   RO         2970    .constdata          c_w.l(__printf_flags.o)
    0x08007541   0x08007541   0x00000003   PAD
    0x08007544   0x08007544   0x00000020   Data   RO         3200    Region$$Table       anon$$obj.o


    Execution Region ER_RW (Exec base: 0x20000000, Load base: 0x08007564, Size: 0x000000b8, Max: 0xffffffff, ABSOLUTE)

    Exec Addr    Load Addr    Size         Type   Attr      Idx    E Section Name        Object

    0x20000000   0x08007564   0x0000000c   Data   RW            6    .data               main.o
    0x2000000c   0x08007570   0x00000014   Data   RW          260    .data               system_stm32f10x.o
    0x20000020   0x08007584   0x00000004   Data   RW          361    .data               lcd.o
    0x20000024   0x08007588   0x00000001   Data   RW          534    .data               key.o
    0x20000025   0x08007589   0x00000001   PAD
    0x20000026   0x0800758a   0x00000004   Data   RW          556    .data               delay.o
    0x2000002a   0x0800758e   0x00000002   Data   RW          633    .data               usart.o
    0x2000002c   0x08007590   0x00000004   Data   RW          634    .data               usart.o
    0x20000030   0x08007594   0x00000014   Data   RW          899    .data               stm32f10x_rcc.o
    0x20000044   0x080075a8   0x0000003c   Data   RW         2384    .data               tasks.o
    0x20000080   0x080075e4   0x00000014   Data   RW         2704    .data               timers.o
    0x20000094   0x080075f8   0x00000018   Data   RW         2812    .data               heap_4.o
    0x200000ac   0x08007610   0x0000000c   Data   RW         2863    .data               port.o


    Execution Region ER_ZI (Exec base: 0x200000b8, Load base: 0x0800761c, Size: 0x00005e70, Max: 0xffffffff, ABSOLUTE)

    Exec Addr    Load Addr    Size         Type   Attr      Idx    E Section Name        Object

    0x200000b8        -       0x000003e8   Zero   RW            5    .bss                main.o
    0x200004a0        -       0x0000000e   Zero   RW          359    .bss                lcd.o
    0x200004ae        -       0x000000c8   Zero   RW          632    .bss                usart.o
    0x20000576   0x0800761c   0x00000002   PAD
    0x20000578        -       0x00000040   Zero   RW         2141    .bss                queue.o
    0x200005b8        -       0x000002e4   Zero   RW         2383    .bss                tasks.o
    0x2000089c        -       0x00000028   Zero   RW         2703    .bss                timers.o
    0x200008c4        -       0x00005000   Zero   RW         2811    .bss                heap_4.o
    0x200058c4        -       0x00000060   Zero   RW         3076    .bss                c_w.l(libspace.o)
    0x20005924   0x0800761c   0x00000004   PAD
    0x20005928        -       0x00000200   Zero   RW          687    HEAP                startup_stm32f10x_hd.o
    0x20005b28        -       0x00000400   Zero   RW          686    STACK               startup_stm32f10x_hd.o


==============================================================================

Image component sizes


      Code (inc. data)   RO Data    RW Data    ZI Data      Debug   Object Name

       200         20          0          4          0       3105   delay.o
         0          0          0          0          0      10904   event_groups.o
       584        138          0         24      20480       4831   heap_4.o
       264         22          0          1          0       1522   key.o
      9052        150       6080          4         14      50743   lcd.o
        80         10          0          0          0        647   led.o
       136          0          0          0          0       3854   list.o
      1552        928          0         12       1000     276683   main.o
       144         16          0          0          0       2657   misc.o
       842        312          0         12          0      11729   port.o
      1832        236          0          0         64      17537   queue.o
        64         26        304          0       1536        896   startup_stm32f10x_hd.o
       232          6          0          0          0       2313   stm32f10x_fsmc.o
       174          0          0          0          0       3767   stm32f10x_gpio.o
        12          0          0          0          0       3321   stm32f10x_it.o
       196         28          0         20          0       5217   stm32f10x_rcc.o
        30          0          0          0          0       3025   stm32f10x_tim.o
       310          6          0          0          0       6042   stm32f10x_usart.o
         0          0          0          0          0         32   sys.o
       248         24          0         20          0       2289   system_stm32f10x.o
      3760        810          0         60        740      41007   tasks.o
       120         52          0          0          0       1260   timer.o
      1144        260          0         20         40      11426   timers.o
       286         26          0          6        200       5024   usart.o

    ----------------------------------------------------------------------
     21272       3070       6416        184      24076     469831   Object Totals
         0          0         32          0          0          0   (incl. Generated)
        10          0          0          1          2          0   (incl. Padding)

    ----------------------------------------------------------------------

      Code (inc. data)   RO Data    RW Data    ZI Data      Debug   Library Member Name

         8          0          0          0          0         68   __main.o
       148          4         17          0          0         84   __printf_flags.o
         0          0          0          0          0          0   __rtentry.o
        12          0          0          0          0          0   __rtentry2.o
         6          0          0          0          0          0   __rtentry4.o
        52          8          0          0          0          0   __scatter.o
        26          0          0          0          0          0   __scatter_copy.o
        28          0          0          0          0          0   __scatter_zi.o
         6          0          0          0          0          0   _printf_c.o
        44          0          0          0          0        108   _printf_char.o
        48          6          0          0          0         96   _printf_char_common.o
        36          4          0          0          0         80   _printf_char_file.o
         6          0          0          0          0          0   _printf_d.o
       120         16          0          0          0         92   _printf_dec.o
        88          4         40          0          0         88   _printf_hex_int.o
       178          0          0          0          0         88   _printf_intcommon.o
         0          0          0          0          0          0   _printf_percent.o
         4          0          0          0          0          0   _printf_percent_end.o
         6          0          0          0          0          0   _printf_s.o
        82          0          0          0          0         80   _printf_str.o
         6          0          0          0          0          0   _printf_u.o
         6          0          0          0          0          0   _printf_x.o
        10          0          0          0          0         68   _sputc.o
        16          0          0          0          0         68   aeabi_memset.o
        18          0          0          0          0         80   exit.o
         8          0          0          0          0         68   ferror.o
         6          0          0          0          0        152   heapauxi.o
         2          0          0          0          0          0   libinit.o
         2          0          0          0          0          0   libinit2.o
         2          0          0          0          0          0   libshutdown.o
         2          0          0          0          0          0   libshutdown2.o
         8          4          0          0         96         68   libspace.o
        24          4          0          0          0         84   noretval__2printf.o
        40          6          0          0          0         84   noretval__2sprintf.o
        68          0          0          0          0         68   rt_memclr.o
        78          0          0          0          0         80   rt_memclr_w.o
       138          0          0          0          0         68   rt_memcpy_v6.o
       100          0          0          0          0         80   rt_memcpy_w.o
         2          0          0          0          0          0   rtexit.o
        10          0          0          0          0          0   rtexit2.o
        72          0          0          0          0         80   strcpy.o
        62          0          0          0          0         76   strlen.o
        74          0          0          0          0         80   sys_stackheap_outer.o
         2          0          0          0          0         68   use_no_semi.o
         2          0          0          0          0         68   use_no_semi_2.o
        90          4          0          0          0         92   dfixu.o
        38          0          0          0          0         68   dflt_clz.o
       340         12          0          0          0        104   dmul.o
       156          4          0          0          0         92   dnaninf.o
        12          0          0          0          0         68   dretinf.o
         0          0          0          0          0          0   usenofp.o

    ----------------------------------------------------------------------
      2304         76         60          0        100       2548   Library Totals
        12          0          3          0          4          0   (incl. Padding)

    ----------------------------------------------------------------------

      Code (inc. data)   RO Data    RW Data    ZI Data      Debug   Library Name

      1656         56         57          0         96       2124   c_w.l
       636         20          0          0          0        424   fz_ws.l

    ----------------------------------------------------------------------
      2304         76         60          0        100       2548   Library Totals

    ----------------------------------------------------------------------

==============================================================================


      Code (inc. data)   RO Data    RW Data    ZI Data      Debug   

     23576       3146       6476        184      24176     464523   Grand Totals
     23576       3146       6476        184      24176     464523   ELF Image Totals
     23576       3146       6476        184          0          0   ROM Totals

==============================================================================

    Total RO  Size (Code + RO Data)                30052 (  29.35kB)
    Total RW  Size (RW Data + ZI Data)             24360 (  23.79kB)
    Total ROM Size (Code + RO Data + RW Data)      30236 (  29.53kB)

==============================================================================

